// Vitest Snapshot v1, https://vitest.dev/guide/snapshot.html

exports[`buildCreateSecretQuery > builds the expected query 1`] = `
{
  "parameters": [],
  "sql": "
  CREATE SECRET "materialize"."public"."new_secret"
  AS '123'
",
}
`;

exports[`getSecretQueryBuilder > builds the expected query 1`] = `
{
  "parameters": [
    "materialize",
    "public",
    "new_secret",
  ],
  "sql": "select "o"."id", "o"."name", "o"."database_name" as "databaseName", "o"."schema_name" as "schemaName" from "mz_object_fully_qualified_names" as "o" where "o"."database_name" = $1 and "o"."schema_name" = $2 and "o"."name" = $3",
}
`;
