// Vitest Snapshot v1, https://vitest.dev/guide/snapshot.html

exports[`buildPrivilegeTableQuery > produces the expected query 1`] = `
{
  "parameters": [],
  "sql": "
SELECT DISTINCT relation, privilege, "hasTablePrivilege"
FROM
    (
        VALUES
            ('mz_recent_activity_log', 'SELECT', has_table_privilege(16748, 'SELECT')),
            ('mz_recent_activity_log_redacted', 'SELECT', true),
            ('mz_statement_lifecycle_history', 'SELECT', has_table_privilege(16750, 'SELECT'))
    )
    AS _ (relation, privilege, "hasTablePrivilege");
  ",
}
`;
