---
source: src/expr/src/scalar/func.rs
expression: "#[sqlfunc(\n    output_type = \"bool\",\n    sqlname = \"constant_time_compare_bytes\",\n    propagates_nulls = true\n)]\npub fn constant_time_eq_bytes<'a>(\n    a: Datum<'a>,\n    b: Datum<'a>,\n) -> Result<Datum<'a>, EvalError> {\n    let a_bytes = a.unwrap_bytes();\n    let b_bytes = b.unwrap_bytes();\n    Ok(Datum::from(bool::from(a_bytes.ct_eq(b_bytes))))\n}\n"
---
#[derive(
    proptest_derive::Arbitrary,
    Ord,
    PartialOrd,
    Clone,
    Debug,
    Eq,
    PartialEq,
    serde::Serialize,
    serde::Deserialize,
    Hash,
    mz_lowertest::MzReflect
)]
pub struct ConstantTimeEqBytes;
impl<'a> crate::func::binary::EagerBinaryFunc<'a> for ConstantTimeEqBytes {
    type Input1 = Datum<'a>;
    type Input2 = Datum<'a>;
    type Output = Result<Datum<'a>, EvalError>;
    fn call(
        &self,
        a: Self::Input1,
        b: Self::Input2,
        temp_storage: &'a mz_repr::RowArena,
    ) -> Self::Output {
        constant_time_eq_bytes(a, b)
    }
    fn output_type(
        &self,
        input_type_a: mz_repr::ColumnType,
        input_type_b: mz_repr::ColumnType,
    ) -> mz_repr::ColumnType {
        use mz_repr::AsColumnType;
        let output = <bool>::as_column_type();
        let propagates_nulls = crate::func::binary::EagerBinaryFunc::propagates_nulls(
            self,
        );
        let nullable = output.nullable;
        output
            .nullable(
                nullable
                    || (propagates_nulls
                        && (input_type_a.nullable || input_type_b.nullable)),
            )
    }
    fn introduces_nulls(&self) -> bool {
        <bool as ::mz_repr::DatumType<'_, ()>>::nullable()
    }
    fn propagates_nulls(&self) -> bool {
        true
    }
}
impl std::fmt::Display for ConstantTimeEqBytes {
    fn fmt(&self, f: &mut std::fmt::Formatter) -> std::fmt::Result {
        f.write_str("constant_time_compare_bytes")
    }
}
pub fn constant_time_eq_bytes<'a>(
    a: Datum<'a>,
    b: Datum<'a>,
) -> Result<Datum<'a>, EvalError> {
    let a_bytes = a.unwrap_bytes();
    let b_bytes = b.unwrap_bytes();
    Ok(Datum::from(bool::from(a_bytes.ct_eq(b_bytes))))
}
