---
source: src/expr/src/scalar/func.rs
expression: "#[sqlfunc(is_monotone = \"(true, true)\", is_infix_op = true, sqlname = \"+\")]\nfn add_date_interval(\n    date: Date,\n    interval: Interval,\n) -> Result<CheckedTimestamp<NaiveDateTime>, EvalError> {\n    let dt = NaiveDate::from(date).and_hms_opt(0, 0, 0).unwrap();\n    let dt = add_timestamp_months(&dt, interval.months)?;\n    let dt = dt\n        .checked_add_signed(interval.duration_as_chrono())\n        .ok_or(EvalError::TimestampOutOfRange)?;\n    Ok(CheckedTimestamp::from_timestamplike(dt)?)\n}\n"
---
#[derive(
    proptest_derive::Arbitrary,
    Ord,
    PartialOrd,
    Clone,
    Debug,
    Eq,
    PartialEq,
    serde::Serialize,
    serde::Deserialize,
    Hash,
    mz_lowertest::MzReflect,
)]
pub struct AddDateInterval;
impl crate::func::binary::EagerBinaryFunc for AddDateInterval {
    type Input1<'a> = Date;
    type Input2<'a> = Interval;
    type Output<'a> = Result<CheckedTimestamp<NaiveDateTime>, EvalError>;
    fn call<'a>(
        &self,
        a: Self::Input1<'a>,
        b: Self::Input2<'a>,
        temp_storage: &'a mz_repr::RowArena,
    ) -> Self::Output<'a> {
        add_date_interval(a, b)
    }
    fn output_type(
        &self,
        input_type_a: mz_repr::SqlColumnType,
        input_type_b: mz_repr::SqlColumnType,
    ) -> mz_repr::SqlColumnType {
        use mz_repr::AsColumnType;
        let output = Self::Output::as_column_type();
        let propagates_nulls = crate::func::binary::EagerBinaryFunc::propagates_nulls(
            self,
        );
        let nullable = output.nullable;
        let is_null = nullable
            || (propagates_nulls && (input_type_a.nullable || input_type_b.nullable));
        output.nullable(is_null)
    }
    fn is_infix_op(&self) -> bool {
        true
    }
    fn is_monotone(&self) -> (bool, bool) {
        (true, true)
    }
}
impl std::fmt::Display for AddDateInterval {
    fn fmt(&self, f: &mut std::fmt::Formatter) -> std::fmt::Result {
        f.write_str("+")
    }
}
fn add_date_interval(
    date: Date,
    interval: Interval,
) -> Result<CheckedTimestamp<NaiveDateTime>, EvalError> {
    let dt = NaiveDate::from(date).and_hms_opt(0, 0, 0).unwrap();
    let dt = add_timestamp_months(&dt, interval.months)?;
    let dt = dt
        .checked_add_signed(interval.duration_as_chrono())
        .ok_or(EvalError::TimestampOutOfRange)?;
    Ok(CheckedTimestamp::from_timestamplike(dt)?)
}
