---
source: src/expr/src/scalar/func.rs
expression: "#[sqlfunc(is_infix_op = true, sqlname = \"<@\")]\nfn range_contains_range_rev<'a>(l: Range<Datum<'a>>, r: Range<Datum<'a>>) -> bool {\n    Range::<Datum<'a>>::contains_range(&l, &r)\n}\n"
---
#[derive(
    proptest_derive::Arbitrary,
    Ord,
    PartialOrd,
    Clone,
    Debug,
    Eq,
    PartialEq,
    serde::Serialize,
    serde::Deserialize,
    Hash,
    mz_lowertest::MzReflect
)]
pub struct RangeContainsRangeRev;
impl<'a> crate::func::binary::EagerBinaryFunc<'a> for RangeContainsRangeRev {
    type Input1 = Range<Datum<'a>>;
    type Input2 = Range<Datum<'a>>;
    type Output = bool;
    fn call(
        &self,
        a: Self::Input1,
        b: Self::Input2,
        temp_storage: &'a mz_repr::RowArena,
    ) -> Self::Output {
        range_contains_range_rev(a, b)
    }
    fn output_type(
        &self,
        input_type_a: mz_repr::SqlColumnType,
        input_type_b: mz_repr::SqlColumnType,
    ) -> mz_repr::SqlColumnType {
        use mz_repr::AsColumnType;
        let output = Self::Output::as_column_type();
        let propagates_nulls = crate::func::binary::EagerBinaryFunc::propagates_nulls(
            self,
        );
        let nullable = output.nullable;
        output
            .nullable(
                nullable
                    || (propagates_nulls
                        && (input_type_a.nullable || input_type_b.nullable)),
            )
    }
    fn is_infix_op(&self) -> bool {
        true
    }
}
impl std::fmt::Display for RangeContainsRangeRev {
    fn fmt(&self, f: &mut std::fmt::Formatter) -> std::fmt::Result {
        f.write_str("<@")
    }
}
impl RangeContainsRangeRev {
    pub const fn func_doc() -> crate::func::FuncDoc {
        crate::func::FuncDoc {
            unique_name: stringify!(range_contains_range_rev),
            category: "Uncategorized",
            signature: "anyrange <@ anyrange -> boolean",
            description: "",
            ..crate::func::FuncDoc::default()
        }
    }
}
fn range_contains_range_rev<'a>(l: Range<Datum<'a>>, r: Range<Datum<'a>>) -> bool {
    Range::<Datum<'a>>::contains_range(&l, &r)
}
