---
source: src/expr/src/scalar/func.rs
expression: "#[sqlfunc(propagates_nulls = true)]\nfn decode<'a>(\n    string: &str,\n    format: &str,\n    temp_storage: &'a RowArena,\n) -> Result<&'a [u8], EvalError> {\n    let format = encoding::lookup_format(format)?;\n    let out = format.decode(string)?;\n    Ok(temp_storage.push_bytes(out))\n}\n"
---
#[derive(
    proptest_derive::Arbitrary,
    Ord,
    PartialOrd,
    Clone,
    Debug,
    Eq,
    PartialEq,
    serde::Serialize,
    serde::Deserialize,
    Hash,
    mz_lowertest::MzReflect
)]
pub struct Decode;
impl<'a> crate::func::binary::EagerBinaryFunc<'a> for Decode {
    type Input1 = &'a str;
    type Input2 = &'a str;
    type Output = Result<&'a [u8], EvalError>;
    fn call(
        &self,
        a: Self::Input1,
        b: Self::Input2,
        temp_storage: &'a mz_repr::RowArena,
    ) -> Self::Output {
        decode(a, b, temp_storage)
    }
    fn output_type(
        &self,
        input_type_a: mz_repr::SqlColumnType,
        input_type_b: mz_repr::SqlColumnType,
    ) -> mz_repr::SqlColumnType {
        use mz_repr::AsColumnType;
        let output = Self::Output::as_column_type();
        let propagates_nulls = crate::func::binary::EagerBinaryFunc::propagates_nulls(
            self,
        );
        let nullable = output.nullable;
        output
            .nullable(
                nullable
                    || (propagates_nulls
                        && (input_type_a.nullable || input_type_b.nullable)),
            )
    }
    fn propagates_nulls(&self) -> bool {
        true
    }
}
impl std::fmt::Display for Decode {
    fn fmt(&self, f: &mut std::fmt::Formatter) -> std::fmt::Result {
        f.write_str(stringify!(decode))
    }
}
fn decode<'a>(
    string: &str,
    format: &str,
    temp_storage: &'a RowArena,
) -> Result<&'a [u8], EvalError> {
    let format = encoding::lookup_format(format)?;
    let out = format.decode(string)?;
    Ok(temp_storage.push_bytes(out))
}
