---
source: src/expr/src/scalar/func.rs
expression: "#[sqlfunc(\n    is_monotone = \"(true, true)\",\n    is_infix_op = true,\n    sqlname = \">\",\n    negate = \"Some(Lte.into())\"\n)]\nfn gt<'a>(a: ExcludeNull<Datum<'a>>, b: ExcludeNull<Datum<'a>>) -> bool {\n    a > b\n}\n"
---
#[derive(
    proptest_derive::Arbitrary,
    Ord,
    PartialOrd,
    Clone,
    Debug,
    Eq,
    PartialEq,
    serde::Serialize,
    serde::Deserialize,
    Hash,
    mz_lowertest::MzReflect
)]
pub struct Gt;
impl<'a> crate::func::binary::EagerBinaryFunc<'a> for Gt {
    type Input1 = ExcludeNull<Datum<'a>>;
    type Input2 = ExcludeNull<Datum<'a>>;
    type Output = bool;
    fn call(
        &self,
        a: Self::Input1,
        b: Self::Input2,
        temp_storage: &'a mz_repr::RowArena,
    ) -> Self::Output {
        gt(a, b)
    }
    fn output_type(
        &self,
        input_type_a: mz_repr::SqlColumnType,
        input_type_b: mz_repr::SqlColumnType,
    ) -> mz_repr::SqlColumnType {
        use mz_repr::AsColumnType;
        let output = Self::Output::as_column_type();
        let propagates_nulls = crate::func::binary::EagerBinaryFunc::propagates_nulls(
            self,
        );
        let nullable = output.nullable;
        output
            .nullable(
                nullable
                    || (propagates_nulls
                        && (input_type_a.nullable || input_type_b.nullable)),
            )
    }
    fn is_infix_op(&self) -> bool {
        true
    }
    fn is_monotone(&self) -> (bool, bool) {
        (true, true)
    }
    fn negate(&self) -> Option<crate::BinaryFunc> {
        Some(Lte.into())
    }
}
impl std::fmt::Display for Gt {
    fn fmt(&self, f: &mut std::fmt::Formatter) -> std::fmt::Result {
        f.write_str(">")
    }
}
fn gt<'a>(a: ExcludeNull<Datum<'a>>, b: ExcludeNull<Datum<'a>>) -> bool {
    a > b
}
