---
source: src/expr/src/scalar/func.rs
expression: "#[sqlfunc(output_type = \"bool\", propagates_nulls = true)]\nfn starts_with<'a>(a: Datum<'a>, b: Datum<'a>) -> Datum<'a> {\n    let a = a.unwrap_str();\n    let b = b.unwrap_str();\n    Datum::from(a.starts_with(b))\n}\n"
---
#[derive(
    proptest_derive::Arbitrary,
    Ord,
    PartialOrd,
    Clone,
    Debug,
    Eq,
    PartialEq,
    serde::Serialize,
    serde::Deserialize,
    Hash,
    mz_lowertest::MzReflect
)]
pub struct StartsWith;
impl<'a> crate::func::binary::EagerBinaryFunc<'a> for StartsWith {
    type Input1 = Datum<'a>;
    type Input2 = Datum<'a>;
    type Output = Datum<'a>;
    fn call(
        &self,
        a: Self::Input1,
        b: Self::Input2,
        temp_storage: &'a mz_repr::RowArena,
    ) -> Self::Output {
        starts_with(a, b)
    }
    fn output_type(
        &self,
        input_type_a: mz_repr::ColumnType,
        input_type_b: mz_repr::ColumnType,
    ) -> mz_repr::ColumnType {
        use mz_repr::AsColumnType;
        let output = <bool>::as_column_type();
        let propagates_nulls = crate::func::binary::EagerBinaryFunc::propagates_nulls(
            self,
        );
        let nullable = output.nullable;
        output
            .nullable(
                nullable
                    || (propagates_nulls
                        && (input_type_a.nullable || input_type_b.nullable)),
            )
    }
    fn introduces_nulls(&self) -> bool {
        <bool as ::mz_repr::DatumType<'_, ()>>::nullable()
    }
    fn propagates_nulls(&self) -> bool {
        true
    }
}
impl std::fmt::Display for StartsWith {
    fn fmt(&self, f: &mut std::fmt::Formatter) -> std::fmt::Result {
        f.write_str(stringify!(starts_with))
    }
}
fn starts_with<'a>(a: Datum<'a>, b: Datum<'a>) -> Datum<'a> {
    let a = a.unwrap_str();
    let b = b.unwrap_str();
    Datum::from(a.starts_with(b))
}
