---
source: src/expr/src/scalar/func.rs
expression: "#[sqlfunc(\n    is_monotone = \"(true, true)\",\n    output_type = \"Interval\",\n    is_infix_op = true,\n    sqlname = \"-\",\n    propagates_nulls = true\n)]\nfn sub_interval(a: Interval, b: Interval) -> Result<Interval, EvalError> {\n    b.checked_neg()\n        .and_then(|b| b.checked_add(&a))\n        .ok_or_else(|| EvalError::IntervalOutOfRange(format!(\"{a} - {b}\").into()))\n}\n"
---
#[derive(
    proptest_derive::Arbitrary,
    Ord,
    PartialOrd,
    Clone,
    Debug,
    Eq,
    PartialEq,
    serde::Serialize,
    serde::Deserialize,
    Hash,
    mz_lowertest::MzReflect
)]
pub struct SubInterval;
impl<'a> crate::func::binary::EagerBinaryFunc<'a> for SubInterval {
    type Input1 = Interval;
    type Input2 = Interval;
    type Output = Result<Interval, EvalError>;
    fn call(
        &self,
        a: Self::Input1,
        b: Self::Input2,
        temp_storage: &'a mz_repr::RowArena,
    ) -> Self::Output {
        sub_interval(a, b)
    }
    fn output_type(
        &self,
        input_type_a: mz_repr::SqlColumnType,
        input_type_b: mz_repr::SqlColumnType,
    ) -> mz_repr::SqlColumnType {
        use mz_repr::AsColumnType;
        let output = <Interval>::as_column_type();
        let propagates_nulls = crate::func::binary::EagerBinaryFunc::propagates_nulls(
            self,
        );
        let nullable = output.nullable;
        output
            .nullable(
                nullable
                    || (propagates_nulls
                        && (input_type_a.nullable || input_type_b.nullable)),
            )
    }
    fn introduces_nulls(&self) -> bool {
        <Interval as ::mz_repr::DatumType<'_, ()>>::nullable()
    }
    fn is_infix_op(&self) -> bool {
        true
    }
    fn is_monotone(&self) -> (bool, bool) {
        (true, true)
    }
    fn propagates_nulls(&self) -> bool {
        true
    }
}
impl std::fmt::Display for SubInterval {
    fn fmt(&self, f: &mut std::fmt::Formatter) -> std::fmt::Result {
        f.write_str("-")
    }
}
fn sub_interval(a: Interval, b: Interval) -> Result<Interval, EvalError> {
    b.checked_neg()
        .and_then(|b| b.checked_add(&a))
        .ok_or_else(|| EvalError::IntervalOutOfRange(format!("{a} - {b}").into()))
}
