---
source: src/expr/src/scalar/func.rs
expression: "#[sqlfunc(\n    output_type = \"Vec<u8>\",\n    sqlname = \"digest\",\n    propagates_nulls = true,\n    introduces_nulls = false\n)]\nfn digest_string<'a>(\n    a: Datum<'a>,\n    b: Datum<'a>,\n    temp_storage: &'a RowArena,\n) -> Result<Datum<'a>, EvalError> {\n    let to_digest = a.unwrap_str().as_bytes();\n    digest_inner(to_digest, b, temp_storage)\n}\n"
---
#[derive(
    proptest_derive::Arbitrary,
    Ord,
    PartialOrd,
    Clone,
    Debug,
    Eq,
    PartialEq,
    serde::Serialize,
    serde::Deserialize,
    Hash,
    mz_lowertest::MzReflect
)]
pub struct DigestString;
impl<'a> crate::func::binary::EagerBinaryFunc<'a> for DigestString {
    type Input1 = Datum<'a>;
    type Input2 = Datum<'a>;
    type Output = Result<Datum<'a>, EvalError>;
    fn call(
        &self,
        a: Self::Input1,
        b: Self::Input2,
        temp_storage: &'a mz_repr::RowArena,
    ) -> Self::Output {
        digest_string(a, b, temp_storage)
    }
    fn output_type(
        &self,
        input_type_a: mz_repr::ColumnType,
        input_type_b: mz_repr::ColumnType,
    ) -> mz_repr::ColumnType {
        use mz_repr::AsColumnType;
        let output = <Vec<u8>>::as_column_type();
        let propagates_nulls = crate::func::binary::EagerBinaryFunc::propagates_nulls(
            self,
        );
        let nullable = output.nullable;
        output
            .nullable(
                nullable
                    || (propagates_nulls
                        && (input_type_a.nullable || input_type_b.nullable)),
            )
    }
    fn introduces_nulls(&self) -> bool {
        false
    }
    fn propagates_nulls(&self) -> bool {
        true
    }
}
impl std::fmt::Display for DigestString {
    fn fmt(&self, f: &mut std::fmt::Formatter) -> std::fmt::Result {
        f.write_str("digest")
    }
}
fn digest_string<'a>(
    a: Datum<'a>,
    b: Datum<'a>,
    temp_storage: &'a RowArena,
) -> Result<Datum<'a>, EvalError> {
    let to_digest = a.unwrap_str().as_bytes();
    digest_inner(to_digest, b, temp_storage)
}
