---
source: src/expr/src/scalar/func.rs
expression: "#[sqlfunc(is_infix_op = true, sqlname = \"<@\", propagates_nulls = true)]\nfn range_contains_i32_rev<'a>(a: Range<Datum<'a>>, b: i32) -> bool {\n    a.contains_elem(&b)\n}\n"
---
#[derive(
    proptest_derive::Arbitrary,
    Ord,
    PartialOrd,
    Clone,
    Debug,
    Eq,
    PartialEq,
    serde::Serialize,
    serde::Deserialize,
    Hash,
    mz_lowertest::MzReflect,
)]
pub struct RangeContainsI32Rev;
impl crate::func::binary::EagerBinaryFunc for RangeContainsI32Rev {
    type Input1<'a> = Range<Datum<'a>>;
    type Input2<'a> = i32;
    type Output<'a> = bool;
    fn call<'a>(
        &self,
        a: Self::Input1<'a>,
        b: Self::Input2<'a>,
        temp_storage: &'a mz_repr::RowArena,
    ) -> Self::Output<'a> {
        range_contains_i32_rev(a, b)
    }
    fn output_type(
        &self,
        input_type_a: mz_repr::SqlColumnType,
        input_type_b: mz_repr::SqlColumnType,
    ) -> mz_repr::SqlColumnType {
        use mz_repr::AsColumnType;
        let output = Self::Output::as_column_type();
        let propagates_nulls = crate::func::binary::EagerBinaryFunc::propagates_nulls(
            self,
        );
        let nullable = output.nullable;
        let is_null = nullable
            || (propagates_nulls && (input_type_a.nullable || input_type_b.nullable));
        output.nullable(is_null)
    }
    fn is_infix_op(&self) -> bool {
        true
    }
    fn propagates_nulls(&self) -> bool {
        true
    }
}
impl std::fmt::Display for RangeContainsI32Rev {
    fn fmt(&self, f: &mut std::fmt::Formatter) -> std::fmt::Result {
        f.write_str("<@")
    }
}
fn range_contains_i32_rev<'a>(a: Range<Datum<'a>>, b: i32) -> bool {
    a.contains_elem(&b)
}
