---
source: src/expr/src/scalar/func.rs
expression: "#[sqlfunc(\n    output_type = \"bool\",\n    is_infix_op = true,\n    sqlname = \"!=\",\n    propagates_nulls = true,\n    negate = \"Some(Eq.into())\"\n)]\nfn not_eq<'a>(a: Datum<'a>, b: Datum<'a>) -> Datum<'a> {\n    if a == Datum::Null || b == Datum::Null { Datum::Null } else { Datum::from(a != b) }\n}\n"
---
#[derive(
    proptest_derive::Arbitrary,
    Ord,
    PartialOrd,
    Clone,
    Debug,
    Eq,
    PartialEq,
    serde::Serialize,
    serde::Deserialize,
    Hash,
    mz_lowertest::MzReflect
)]
pub struct NotEq;
impl<'a> crate::func::binary::EagerBinaryFunc<'a> for NotEq {
    type Input1 = Datum<'a>;
    type Input2 = Datum<'a>;
    type Output = Datum<'a>;
    fn call(
        &self,
        a: Self::Input1,
        b: Self::Input2,
        temp_storage: &'a mz_repr::RowArena,
    ) -> Self::Output {
        not_eq(a, b)
    }
    fn output_type(
        &self,
        input_type_a: mz_repr::SqlColumnType,
        input_type_b: mz_repr::SqlColumnType,
    ) -> mz_repr::SqlColumnType {
        use mz_repr::AsColumnType;
        let output = <bool>::as_column_type();
        let propagates_nulls = crate::func::binary::EagerBinaryFunc::propagates_nulls(
            self,
        );
        let nullable = output.nullable;
        output
            .nullable(
                nullable
                    || (propagates_nulls
                        && (input_type_a.nullable || input_type_b.nullable)),
            )
    }
    fn introduces_nulls(&self) -> bool {
        <bool as ::mz_repr::DatumType<'_, ()>>::nullable()
    }
    fn is_infix_op(&self) -> bool {
        true
    }
    fn negate(&self) -> Option<crate::BinaryFunc> {
        Some(Eq.into())
    }
    fn propagates_nulls(&self) -> bool {
        true
    }
}
impl std::fmt::Display for NotEq {
    fn fmt(&self, f: &mut std::fmt::Formatter) -> std::fmt::Result {
        f.write_str("!=")
    }
}
fn not_eq<'a>(a: Datum<'a>, b: Datum<'a>) -> Datum<'a> {
    if a == Datum::Null || b == Datum::Null { Datum::Null } else { Datum::from(a != b) }
}
