---
source: src/expr/src/scalar/func.rs
expression: "#[sqlfunc(\n    is_monotone = \"(true, false)\",\n    is_infix_op = true,\n    sqlname = \"/\",\n    propagates_nulls = true\n)]\nfn div_numeric(mut a: Numeric, b: Numeric) -> Result<Numeric, EvalError> {\n    let mut cx = numeric::cx_datum();\n    cx.div(&mut a, &b);\n    let cx_status = cx.status();\n    if b.is_zero() {\n        Err(EvalError::DivisionByZero)\n    } else if cx_status.overflow() {\n        Err(EvalError::FloatOverflow)\n    } else if cx_status.subnormal() {\n        Err(EvalError::FloatUnderflow)\n    } else {\n        numeric::munge_numeric(&mut a).unwrap();\n        Ok(a)\n    }\n}\n"
---
#[derive(
    proptest_derive::Arbitrary,
    Ord,
    PartialOrd,
    Clone,
    Debug,
    Eq,
    PartialEq,
    serde::Serialize,
    serde::Deserialize,
    Hash,
    mz_lowertest::MzReflect,
)]
pub struct DivNumeric;
impl crate::func::binary::EagerBinaryFunc for DivNumeric {
    type Input1<'a> = Numeric;
    type Input2<'a> = Numeric;
    type Output<'a> = Result<Numeric, EvalError>;
    fn call<'a>(
        &self,
        a: Self::Input1<'a>,
        b: Self::Input2<'a>,
        temp_storage: &'a mz_repr::RowArena,
    ) -> Self::Output<'a> {
        div_numeric(a, b)
    }
    fn output_type(
        &self,
        input_type_a: mz_repr::SqlColumnType,
        input_type_b: mz_repr::SqlColumnType,
    ) -> mz_repr::SqlColumnType {
        use mz_repr::AsColumnType;
        let output = Self::Output::as_column_type();
        let propagates_nulls = crate::func::binary::EagerBinaryFunc::propagates_nulls(
            self,
        );
        let nullable = output.nullable;
        let is_null = nullable
            || (propagates_nulls && (input_type_a.nullable || input_type_b.nullable));
        output.nullable(is_null)
    }
    fn is_infix_op(&self) -> bool {
        true
    }
    fn is_monotone(&self) -> (bool, bool) {
        (true, false)
    }
    fn propagates_nulls(&self) -> bool {
        true
    }
}
impl std::fmt::Display for DivNumeric {
    fn fmt(&self, f: &mut std::fmt::Formatter) -> std::fmt::Result {
        f.write_str("/")
    }
}
fn div_numeric(mut a: Numeric, b: Numeric) -> Result<Numeric, EvalError> {
    let mut cx = numeric::cx_datum();
    cx.div(&mut a, &b);
    let cx_status = cx.status();
    if b.is_zero() {
        Err(EvalError::DivisionByZero)
    } else if cx_status.overflow() {
        Err(EvalError::FloatOverflow)
    } else if cx_status.subnormal() {
        Err(EvalError::FloatUnderflow)
    } else {
        numeric::munge_numeric(&mut a).unwrap();
        Ok(a)
    }
}
