---
source: src/expr/src/scalar/func.rs
expression: "#[sqlfunc(sqlname = \"date_partt\", propagates_nulls = true, introduces_nulls = false)]\nfn date_part_time_f64(units: &str, b: chrono::NaiveTime) -> Result<f64, EvalError> {\n    match units.parse() {\n        Ok(units) => Ok(date_part_time_inner::<f64>(units, b)?),\n        Err(_) => Err(EvalError::UnknownUnits(units.into())),\n    }\n}\n"
---
#[derive(
    proptest_derive::Arbitrary,
    Ord,
    PartialOrd,
    Clone,
    Debug,
    Eq,
    PartialEq,
    serde::Serialize,
    serde::Deserialize,
    Hash,
    mz_lowertest::MzReflect
)]
pub struct DatePartTimeF64;
impl<'a> crate::func::binary::EagerBinaryFunc<'a> for DatePartTimeF64 {
    type Input1 = &'a str;
    type Input2 = chrono::NaiveTime;
    type Output = Result<f64, EvalError>;
    fn call(
        &self,
        a: Self::Input1,
        b: Self::Input2,
        temp_storage: &'a mz_repr::RowArena,
    ) -> Self::Output {
        date_part_time_f64(a, b)
    }
    fn output_type(
        &self,
        input_type_a: mz_repr::SqlColumnType,
        input_type_b: mz_repr::SqlColumnType,
    ) -> mz_repr::SqlColumnType {
        use mz_repr::AsColumnType;
        let output = Self::Output::as_column_type();
        let propagates_nulls = crate::func::binary::EagerBinaryFunc::propagates_nulls(
            self,
        );
        let nullable = output.nullable;
        output
            .nullable(
                nullable
                    || (propagates_nulls
                        && (input_type_a.nullable || input_type_b.nullable)),
            )
    }
    fn introduces_nulls(&self) -> bool {
        false
    }
    fn propagates_nulls(&self) -> bool {
        true
    }
}
impl std::fmt::Display for DatePartTimeF64 {
    fn fmt(&self, f: &mut std::fmt::Formatter) -> std::fmt::Result {
        f.write_str("date_partt")
    }
}
fn date_part_time_f64(units: &str, b: chrono::NaiveTime) -> Result<f64, EvalError> {
    match units.parse() {
        Ok(units) => Ok(date_part_time_inner::<f64>(units, b)?),
        Err(_) => Err(EvalError::UnknownUnits(units.into())),
    }
}
