---
source: src/expr/src/scalar/func.rs
expression: "#[sqlfunc(output_type = \"u64\", is_infix_op = true, sqlname = \"<<\")]\nfn bit_shift_left_uint64(lhs: u64, rhs: u32) -> u64 {\n    lhs.wrapping_shl(rhs)\n}\n"
---
#[derive(
    proptest_derive::Arbitrary,
    Ord,
    PartialOrd,
    Clone,
    Debug,
    Eq,
    PartialEq,
    serde::Serialize,
    serde::Deserialize,
    Hash,
    mz_lowertest::MzReflect
)]
pub struct BitShiftLeftUint64;
impl<'a> crate::func::binary::EagerBinaryFunc<'a> for BitShiftLeftUint64 {
    type Input1 = u64;
    type Input2 = u32;
    type Output = u64;
    fn call(
        &self,
        a: Self::Input1,
        b: Self::Input2,
        temp_storage: &'a mz_repr::RowArena,
    ) -> Self::Output {
        bit_shift_left_uint64(a, b)
    }
    fn output_type(
        &self,
        input_type_a: mz_repr::SqlColumnType,
        input_type_b: mz_repr::SqlColumnType,
    ) -> mz_repr::SqlColumnType {
        use mz_repr::AsColumnType;
        let output = <u64>::as_column_type();
        let propagates_nulls = crate::func::binary::EagerBinaryFunc::propagates_nulls(
            self,
        );
        let nullable = output.nullable;
        output
            .nullable(
                nullable
                    || (propagates_nulls
                        && (input_type_a.nullable || input_type_b.nullable)),
            )
    }
    fn introduces_nulls(&self) -> bool {
        <u64 as ::mz_repr::DatumType<'_, ()>>::nullable()
    }
    fn is_infix_op(&self) -> bool {
        true
    }
}
impl std::fmt::Display for BitShiftLeftUint64 {
    fn fmt(&self, f: &mut std::fmt::Formatter) -> std::fmt::Result {
        f.write_str("<<")
    }
}
fn bit_shift_left_uint64(lhs: u64, rhs: u32) -> u64 {
    lhs.wrapping_shl(rhs)
}
