---
source: src/expr-derive-impl/src/lib.rs
expression: "#[sqlfunc(\n    is_monotone = (true, true),\n    output_type = \"Option<bool>\",\n    is_infix_op = true,\n    sqlname = \"test\",\n    propagates_nulls = true,\n    test = true,\n)]\nfn complex_output_type_fn<'a>(\n    a: Datum<'a>,\n    b: Datum<'a>,\n) -> Result<Datum<'a>, EvalError> {\n    unimplemented!()\n}\n"
---
#[derive(
    proptest_derive::Arbitrary,
    Ord,
    PartialOrd,
    Clone,
    Debug,
    Eq,
    PartialEq,
    serde::Serialize,
    serde::Deserialize,
    Hash,
    mz_lowertest::MzReflect,
)]
pub struct ComplexOutputTypeFn;
impl crate::func::binary::EagerBinaryFunc for ComplexOutputTypeFn {
    type Input<'a> = (Datum<'a>, Datum<'a>);
    type Output<'a> = Result<Datum<'a>, EvalError>;
    fn call<'a>(
        &self,
        (a, b): Self::Input<'a>,
        temp_storage: &'a mz_repr::RowArena,
    ) -> Self::Output<'a> {
        complex_output_type_fn(a, b)
    }
    fn output_sql_type(
        &self,
        input_types: &[mz_repr::SqlColumnType],
    ) -> mz_repr::SqlColumnType {
        use mz_repr::AsColumnType;
        let output = <Option<bool>>::as_column_type();
        let propagates_nulls = crate::func::binary::EagerBinaryFunc::propagates_nulls(
            self,
        );
        let nullable = output.nullable;
        let inputs_nullable = input_types.iter().any(|it| it.nullable);
        let is_null = nullable || (propagates_nulls && inputs_nullable);
        output.nullable(is_null)
    }
    fn introduces_nulls(&self) -> bool {
        <Option<bool> as ::mz_repr::OutputDatumType<'_, ()>>::nullable()
    }
    fn is_infix_op(&self) -> bool {
        true
    }
    fn is_monotone(&self) -> (bool, bool) {
        (true, true)
    }
    fn propagates_nulls(&self) -> bool {
        true
    }
}
impl std::fmt::Display for ComplexOutputTypeFn {
    fn fmt(&self, f: &mut std::fmt::Formatter) -> std::fmt::Result {
        f.write_str("test")
    }
}
fn complex_output_type_fn<'a>(
    a: Datum<'a>,
    b: Datum<'a>,
) -> Result<Datum<'a>, EvalError> {
    unimplemented!()
}
