---
source: src/expr-derive-impl/src/lib.rs
expression: "#[sqlfunc(sqlname = \"rangelower\", is_monotone = true)]\nfn range_lower<'a, T>(a: Range<T>) -> Option<T> {\n    a.inner.map(|inner| inner.lower.bound).flatten()\n}\n"
---
#[derive(
    proptest_derive::Arbitrary,
    Ord,
    PartialOrd,
    Clone,
    Debug,
    Eq,
    PartialEq,
    serde::Serialize,
    serde::Deserialize,
    Hash,
    mz_lowertest::MzReflect,
)]
pub struct RangeLower;
impl crate::func::EagerUnaryFunc for RangeLower {
    type Input<'a> = Range<Datum<'a>>;
    type Output<'a> = Option<Datum<'a>>;
    fn call<'a>(&self, a: Self::Input<'a>) -> Self::Output<'a> {
        range_lower(a)
    }
    fn output_sql_type(
        &self,
        input_type: mz_repr::SqlColumnType,
    ) -> mz_repr::SqlColumnType {
        use mz_repr::AsColumnType;
        let output = input_type
            .scalar_type
            .unwrap_range_element_type()
            .clone()
            .nullable(true);
        let propagates_nulls = crate::func::EagerUnaryFunc::propagates_nulls(self);
        let nullable = output.nullable;
        output.nullable(nullable || (propagates_nulls && input_type.nullable))
    }
    fn introduces_nulls(&self) -> bool {
        true
    }
    fn is_monotone(&self) -> bool {
        true
    }
}
impl std::fmt::Display for RangeLower {
    fn fmt(&self, f: &mut std::fmt::Formatter) -> std::fmt::Result {
        f.write_str("rangelower")
    }
}
fn range_lower<'a, T>(a: Range<T>) -> Option<T> {
    a.inner.map(|inner| inner.lower.bound).flatten()
}
