---
source: src/catalog/tests/open.rs
assertion_line: 518
expression: test_snapshot
---
Snapshot {
    databases: {
        DatabaseKey {
            id: Some(
                DatabaseId {
                    value: Some(
                        User(
                            1,
                        ),
                    ),
                },
            ),
        }: DatabaseValue {
            name: "materialize",
            owner_id: Some(
                RoleId {
                    value: Some(
                        System(
                            1,
                        ),
                    ),
                },
            ),
            privileges: [
                MzAclItem {
                    grantee: Some(
                        RoleId {
                            value: Some(
                                Public(
                                    Empty,
                                ),
                            ),
                        },
                    ),
                    grantor: Some(
                        RoleId {
                            value: Some(
                                System(
                                    1,
                                ),
                            ),
                        },
                    ),
                    acl_mode: Some(
                        AclMode {
                            bitflags: 256,
                        },
                    ),
                },
                MzAclItem {
                    grantee: Some(
                        RoleId {
                            value: Some(
                                System(
                                    2,
                                ),
                            ),
                        },
                    ),
                    grantor: Some(
                        RoleId {
                            value: Some(
                                System(
                                    1,
                                ),
                            ),
                        },
                    ),
                    acl_mode: Some(
                        AclMode {
                            bitflags: 256,
                        },
                    ),
                },
                MzAclItem {
                    grantee: Some(
                        RoleId {
                            value: Some(
                                System(
                                    1,
                                ),
                            ),
                        },
                    ),
                    grantor: Some(
                        RoleId {
                            value: Some(
                                System(
                                    1,
                                ),
                            ),
                        },
                    ),
                    acl_mode: Some(
                        AclMode {
                            bitflags: 768,
                        },
                    ),
                },
            ],
            oid: 20000,
        },
    },
    schemas: {
        SchemaKey {
            id: Some(
                SchemaId {
                    value: Some(
                        System(
                            1,
                        ),
                    ),
                },
            ),
        }: SchemaValue {
            database_id: None,
            name: "mz_catalog",
            owner_id: Some(
                RoleId {
                    value: Some(
                        System(
                            1,
                        ),
                    ),
                },
            ),
            privileges: [
                MzAclItem {
                    grantee: Some(
                        RoleId {
                            value: Some(
                                Public(
                                    Empty,
                                ),
                            ),
                        },
                    ),
                    grantor: Some(
                        RoleId {
                            value: Some(
                                System(
                                    1,
                                ),
                            ),
                        },
                    ),
                    acl_mode: Some(
                        AclMode {
                            bitflags: 256,
                        },
                    ),
                },
                MzAclItem {
                    grantee: Some(
                        RoleId {
                            value: Some(
                                System(
                                    2,
                                ),
                            ),
                        },
                    ),
                    grantor: Some(
                        RoleId {
                            value: Some(
                                System(
                                    1,
                                ),
                            ),
                        },
                    ),
                    acl_mode: Some(
                        AclMode {
                            bitflags: 256,
                        },
                    ),
                },
                MzAclItem {
                    grantee: Some(
                        RoleId {
                            value: Some(
                                System(
                                    1,
                                ),
                            ),
                        },
                    ),
                    grantor: Some(
                        RoleId {
                            value: Some(
                                System(
                                    1,
                                ),
                            ),
                        },
                    ),
                    acl_mode: Some(
                        AclMode {
                            bitflags: 768,
                        },
                    ),
                },
            ],
            oid: 16656,
        },
        SchemaKey {
            id: Some(
                SchemaId {
                    value: Some(
                        System(
                            2,
                        ),
                    ),
                },
            ),
        }: SchemaValue {
            database_id: None,
            name: "pg_catalog",
            owner_id: Some(
                RoleId {
                    value: Some(
                        System(
                            1,
                        ),
                    ),
                },
            ),
            privileges: [
                MzAclItem {
                    grantee: Some(
                        RoleId {
                            value: Some(
                                Public(
                                    Empty,
                                ),
                            ),
                        },
                    ),
                    grantor: Some(
                        RoleId {
                            value: Some(
                                System(
                                    1,
                                ),
                            ),
                        },
                    ),
                    acl_mode: Some(
                        AclMode {
                            bitflags: 256,
                        },
                    ),
                },
                MzAclItem {
                    grantee: Some(
                        RoleId {
                            value: Some(
                                System(
                                    2,
                                ),
                            ),
                        },
                    ),
                    grantor: Some(
                        RoleId {
                            value: Some(
                                System(
                                    1,
                                ),
                            ),
                        },
                    ),
                    acl_mode: Some(
                        AclMode {
                            bitflags: 256,
                        },
                    ),
                },
                MzAclItem {
                    grantee: Some(
                        RoleId {
                            value: Some(
                                System(
                                    1,
                                ),
                            ),
                        },
                    ),
                    grantor: Some(
                        RoleId {
                            value: Some(
                                System(
                                    1,
                                ),
                            ),
                        },
                    ),
                    acl_mode: Some(
                        AclMode {
                            bitflags: 768,
                        },
                    ),
                },
            ],
            oid: 16657,
        },
        SchemaKey {
            id: Some(
                SchemaId {
                    value: Some(
                        System(
                            4,
                        ),
                    ),
                },
            ),
        }: SchemaValue {
            database_id: None,
            name: "mz_internal",
            owner_id: Some(
                RoleId {
                    value: Some(
                        System(
                            1,
                        ),
                    ),
                },
            ),
            privileges: [
                MzAclItem {
                    grantee: Some(
                        RoleId {
                            value: Some(
                                Public(
                                    Empty,
                                ),
                            ),
                        },
                    ),
                    grantor: Some(
                        RoleId {
                            value: Some(
                                System(
                                    1,
                                ),
                            ),
                        },
                    ),
                    acl_mode: Some(
                        AclMode {
                            bitflags: 256,
                        },
                    ),
                },
                MzAclItem {
                    grantee: Some(
                        RoleId {
                            value: Some(
                                System(
                                    2,
                                ),
                            ),
                        },
                    ),
                    grantor: Some(
                        RoleId {
                            value: Some(
                                System(
                                    1,
                                ),
                            ),
                        },
                    ),
                    acl_mode: Some(
                        AclMode {
                            bitflags: 256,
                        },
                    ),
                },
                MzAclItem {
                    grantee: Some(
                        RoleId {
                            value: Some(
                                System(
                                    1,
                                ),
                            ),
                        },
                    ),
                    grantor: Some(
                        RoleId {
                            value: Some(
                                System(
                                    1,
                                ),
                            ),
                        },
                    ),
                    acl_mode: Some(
                        AclMode {
                            bitflags: 768,
                        },
                    ),
                },
            ],
            oid: 16658,
        },
        SchemaKey {
            id: Some(
                SchemaId {
                    value: Some(
                        System(
                            5,
                        ),
                    ),
                },
            ),
        }: SchemaValue {
            database_id: None,
            name: "information_schema",
            owner_id: Some(
                RoleId {
                    value: Some(
                        System(
                            1,
                        ),
                    ),
                },
            ),
            privileges: [
                MzAclItem {
                    grantee: Some(
                        RoleId {
                            value: Some(
                                Public(
                                    Empty,
                                ),
                            ),
                        },
                    ),
                    grantor: Some(
                        RoleId {
                            value: Some(
                                System(
                                    1,
                                ),
                            ),
                        },
                    ),
                    acl_mode: Some(
                        AclMode {
                            bitflags: 256,
                        },
                    ),
                },
                MzAclItem {
                    grantee: Some(
                        RoleId {
                            value: Some(
                                System(
                                    2,
                                ),
                            ),
                        },
                    ),
                    grantor: Some(
                        RoleId {
                            value: Some(
                                System(
                                    1,
                                ),
                            ),
                        },
                    ),
                    acl_mode: Some(
                        AclMode {
                            bitflags: 256,
                        },
                    ),
                },
                MzAclItem {
                    grantee: Some(
                        RoleId {
                            value: Some(
                                System(
                                    1,
                                ),
                            ),
                        },
                    ),
                    grantor: Some(
                        RoleId {
                            value: Some(
                                System(
                                    1,
                                ),
                            ),
                        },
                    ),
                    acl_mode: Some(
                        AclMode {
                            bitflags: 768,
                        },
                    ),
                },
            ],
            oid: 16659,
        },
        SchemaKey {
            id: Some(
                SchemaId {
                    value: Some(
                        System(
                            6,
                        ),
                    ),
                },
            ),
        }: SchemaValue {
            database_id: None,
            name: "mz_unsafe",
            owner_id: Some(
                RoleId {
                    value: Some(
                        System(
                            1,
                        ),
                    ),
                },
            ),
            privileges: [
                MzAclItem {
                    grantee: Some(
                        RoleId {
                            value: Some(
                                Public(
                                    Empty,
                                ),
                            ),
                        },
                    ),
                    grantor: Some(
                        RoleId {
                            value: Some(
                                System(
                                    1,
                                ),
                            ),
                        },
                    ),
                    acl_mode: Some(
                        AclMode {
                            bitflags: 256,
                        },
                    ),
                },
                MzAclItem {
                    grantee: Some(
                        RoleId {
                            value: Some(
                                System(
                                    2,
                                ),
                            ),
                        },
                    ),
                    grantor: Some(
                        RoleId {
                            value: Some(
                                System(
                                    1,
                                ),
                            ),
                        },
                    ),
                    acl_mode: Some(
                        AclMode {
                            bitflags: 256,
                        },
                    ),
                },
                MzAclItem {
                    grantee: Some(
                        RoleId {
                            value: Some(
                                System(
                                    1,
                                ),
                            ),
                        },
                    ),
                    grantor: Some(
                        RoleId {
                            value: Some(
                                System(
                                    1,
                                ),
                            ),
                        },
                    ),
                    acl_mode: Some(
                        AclMode {
                            bitflags: 768,
                        },
                    ),
                },
            ],
            oid: 16660,
        },
        SchemaKey {
            id: Some(
                SchemaId {
                    value: Some(
                        System(
                            7,
                        ),
                    ),
                },
            ),
        }: SchemaValue {
            database_id: None,
            name: "mz_catalog_unstable",
            owner_id: Some(
                RoleId {
                    value: Some(
                        System(
                            1,
                        ),
                    ),
                },
            ),
            privileges: [
                MzAclItem {
                    grantee: Some(
                        RoleId {
                            value: Some(
                                Public(
                                    Empty,
                                ),
                            ),
                        },
                    ),
                    grantor: Some(
                        RoleId {
                            value: Some(
                                System(
                                    1,
                                ),
                            ),
                        },
                    ),
                    acl_mode: Some(
                        AclMode {
                            bitflags: 256,
                        },
                    ),
                },
                MzAclItem {
                    grantee: Some(
                        RoleId {
                            value: Some(
                                System(
                                    2,
                                ),
                            ),
                        },
                    ),
                    grantor: Some(
                        RoleId {
                            value: Some(
                                System(
                                    1,
                                ),
                            ),
                        },
                    ),
                    acl_mode: Some(
                        AclMode {
                            bitflags: 256,
                        },
                    ),
                },
                MzAclItem {
                    grantee: Some(
                        RoleId {
                            value: Some(
                                System(
                                    1,
                                ),
                            ),
                        },
                    ),
                    grantor: Some(
                        RoleId {
                            value: Some(
                                System(
                                    1,
                                ),
                            ),
                        },
                    ),
                    acl_mode: Some(
                        AclMode {
                            bitflags: 768,
                        },
                    ),
                },
            ],
            oid: 16972,
        },
        SchemaKey {
            id: Some(
                SchemaId {
                    value: Some(
                        System(
                            8,
                        ),
                    ),
                },
            ),
        }: SchemaValue {
            database_id: None,
            name: "mz_introspection",
            owner_id: Some(
                RoleId {
                    value: Some(
                        System(
                            1,
                        ),
                    ),
                },
            ),
            privileges: [
                MzAclItem {
                    grantee: Some(
                        RoleId {
                            value: Some(
                                Public(
                                    Empty,
                                ),
                            ),
                        },
                    ),
                    grantor: Some(
                        RoleId {
                            value: Some(
                                System(
                                    1,
                                ),
                            ),
                        },
                    ),
                    acl_mode: Some(
                        AclMode {
                            bitflags: 256,
                        },
                    ),
                },
                MzAclItem {
                    grantee: Some(
                        RoleId {
                            value: Some(
                                System(
                                    2,
                                ),
                            ),
                        },
                    ),
                    grantor: Some(
                        RoleId {
                            value: Some(
                                System(
                                    1,
                                ),
                            ),
                        },
                    ),
                    acl_mode: Some(
                        AclMode {
                            bitflags: 256,
                        },
                    ),
                },
                MzAclItem {
                    grantee: Some(
                        RoleId {
                            value: Some(
                                System(
                                    1,
                                ),
                            ),
                        },
                    ),
                    grantor: Some(
                        RoleId {
                            value: Some(
                                System(
                                    1,
                                ),
                            ),
                        },
                    ),
                    acl_mode: Some(
                        AclMode {
                            bitflags: 768,
                        },
                    ),
                },
            ],
            oid: 16973,
        },
        SchemaKey {
            id: Some(
                SchemaId {
                    value: Some(
                        User(
                            3,
                        ),
                    ),
                },
            ),
        }: SchemaValue {
            database_id: Some(
                DatabaseId {
                    value: Some(
                        User(
                            1,
                        ),
                    ),
                },
            ),
            name: "public",
            owner_id: Some(
                RoleId {
                    value: Some(
                        System(
                            1,
                        ),
                    ),
                },
            ),
            privileges: [
                MzAclItem {
                    grantee: Some(
                        RoleId {
                            value: Some(
                                Public(
                                    Empty,
                                ),
                            ),
                        },
                    ),
                    grantor: Some(
                        RoleId {
                            value: Some(
                                System(
                                    1,
                                ),
                            ),
                        },
                    ),
                    acl_mode: Some(
                        AclMode {
                            bitflags: 256,
                        },
                    ),
                },
                MzAclItem {
                    grantee: Some(
                        RoleId {
                            value: Some(
                                System(
                                    2,
                                ),
                            ),
                        },
                    ),
                    grantor: Some(
                        RoleId {
                            value: Some(
                                System(
                                    1,
                                ),
                            ),
                        },
                    ),
                    acl_mode: Some(
                        AclMode {
                            bitflags: 256,
                        },
                    ),
                },
                MzAclItem {
                    grantee: Some(
                        RoleId {
                            value: Some(
                                System(
                                    1,
                                ),
                            ),
                        },
                    ),
                    grantor: Some(
                        RoleId {
                            value: Some(
                                System(
                                    1,
                                ),
                            ),
                        },
                    ),
                    acl_mode: Some(
                        AclMode {
                            bitflags: 768,
                        },
                    ),
                },
            ],
            oid: 20001,
        },
    },
    roles: {
        RoleKey {
            id: Some(
                RoleId {
                    value: Some(
                        System(
                            1,
                        ),
                    ),
                },
            ),
        }: RoleValue {
            name: "mz_system",
            attributes: Some(
                RoleAttributes {
                    inherit: true,
                    superuser: Some(
                        true,
                    ),
                    login: Some(
                        true,
                    ),
                },
            ),
            membership: Some(
                RoleMembership {
                    map: [],
                },
            ),
            vars: Some(
                RoleVars {
                    entries: [],
                },
            ),
            oid: 16661,
        },
        RoleKey {
            id: Some(
                RoleId {
                    value: Some(
                        System(
                            2,
                        ),
                    ),
                },
            ),
        }: RoleValue {
            name: "mz_support",
            attributes: Some(
                RoleAttributes {
                    inherit: true,
                    superuser: None,
                    login: None,
                },
            ),
            membership: Some(
                RoleMembership {
                    map: [],
                },
            ),
            vars: Some(
                RoleVars {
                    entries: [],
                },
            ),
            oid: 16662,
        },
        RoleKey {
            id: Some(
                RoleId {
                    value: Some(
                        System(
                            3,
                        ),
                    ),
                },
            ),
        }: RoleValue {
            name: "mz_analytics",
            attributes: Some(
                RoleAttributes {
                    inherit: true,
                    superuser: None,
                    login: None,
                },
            ),
            membership: Some(
                RoleMembership {
                    map: [],
                },
            ),
            vars: Some(
                RoleVars {
                    entries: [],
                },
            ),
            oid: 16984,
        },
        RoleKey {
            id: Some(
                RoleId {
                    value: Some(
                        Public(
                            Empty,
                        ),
                    ),
                },
            ),
        }: RoleValue {
            name: "public",
            attributes: Some(
                RoleAttributes {
                    inherit: true,
                    superuser: None,
                    login: None,
                },
            ),
            membership: Some(
                RoleMembership {
                    map: [],
                },
            ),
            vars: Some(
                RoleVars {
                    entries: [],
                },
            ),
            oid: 16944,
        },
        RoleKey {
            id: Some(
                RoleId {
                    value: Some(
                        Predefined(
                            1,
                        ),
                    ),
                },
            ),
        }: RoleValue {
            name: "mz_monitor",
            attributes: Some(
                RoleAttributes {
                    inherit: true,
                    superuser: None,
                    login: None,
                },
            ),
            membership: Some(
                RoleMembership {
                    map: [],
                },
            ),
            vars: Some(
                RoleVars {
                    entries: [],
                },
            ),
            oid: 16663,
        },
        RoleKey {
            id: Some(
                RoleId {
                    value: Some(
                        Predefined(
                            2,
                        ),
                    ),
                },
            ),
        }: RoleValue {
            name: "mz_monitor_redacted",
            attributes: Some(
                RoleAttributes {
                    inherit: true,
                    superuser: None,
                    login: None,
                },
            ),
            membership: Some(
                RoleMembership {
                    map: [],
                },
            ),
            vars: Some(
                RoleVars {
                    entries: [],
                },
            ),
            oid: 16664,
        },
    },
    role_auth: {},
    items: {},
    comments: {},
    clusters: {
        ClusterKey {
            id: Some(
                ClusterId {
                    value: Some(
                        User(
                            1,
                        ),
                    ),
                },
            ),
        }: ClusterValue {
            name: "quickstart",
            owner_id: Some(
                RoleId {
                    value: Some(
                        System(
                            1,
                        ),
                    ),
                },
            ),
            privileges: [
                MzAclItem {
                    grantee: Some(
                        RoleId {
                            value: Some(
                                Public(
                                    Empty,
                                ),
                            ),
                        },
                    ),
                    grantor: Some(
                        RoleId {
                            value: Some(
                                System(
                                    1,
                                ),
                            ),
                        },
                    ),
                    acl_mode: Some(
                        AclMode {
                            bitflags: 256,
                        },
                    ),
                },
                MzAclItem {
                    grantee: Some(
                        RoleId {
                            value: Some(
                                System(
                                    2,
                                ),
                            ),
                        },
                    ),
                    grantor: Some(
                        RoleId {
                            value: Some(
                                System(
                                    1,
                                ),
                            ),
                        },
                    ),
                    acl_mode: Some(
                        AclMode {
                            bitflags: 256,
                        },
                    ),
                },
                MzAclItem {
                    grantee: Some(
                        RoleId {
                            value: Some(
                                System(
                                    1,
                                ),
                            ),
                        },
                    ),
                    grantor: Some(
                        RoleId {
                            value: Some(
                                System(
                                    1,
                                ),
                            ),
                        },
                    ),
                    acl_mode: Some(
                        AclMode {
                            bitflags: 768,
                        },
                    ),
                },
            ],
            config: Some(
                ClusterConfig {
                    workload_class: None,
                    variant: Some(
                        Managed(
                            ManagedCluster {
                                size: "scale=1,workers=1",
                                replication_factor: 1,
                                availability_zones: [],
                                logging: Some(
                                    ReplicaLogging {
                                        log_logging: false,
                                        interval: Some(
                                            Duration {
                                                secs: 1,
                                                nanos: 0,
                                            },
                                        ),
                                    },
                                ),
                                optimizer_feature_overrides: [],
                                schedule: Some(
                                    ClusterSchedule {
                                        value: Some(
                                            Manual(
                                                Empty,
                                            ),
                                        ),
                                    },
                                ),
                            },
                        ),
                    ),
                },
            ),
        },
    },
    network_policies: {
        NetworkPolicyKey {
            id: Some(
                NetworkPolicyId {
                    value: Some(
                        User(
                            1,
                        ),
                    ),
                },
            ),
        }: NetworkPolicyValue {
            name: "default",
            rules: [
                NetworkPolicyRule {
                    name: "open_ingress",
                    address: "0.0.0.0/0",
                    action: Some(
                        Allow(
                            Empty,
                        ),
                    ),
                    direction: Some(
                        Ingress(
                            Empty,
                        ),
                    ),
                },
            ],
            owner_id: Some(
                RoleId {
                    value: Some(
                        System(
                            1,
                        ),
                    ),
                },
            ),
            privileges: [
                MzAclItem {
                    grantee: Some(
                        RoleId {
                            value: Some(
                                System(
                                    1,
                                ),
                            ),
                        },
                    ),
                    grantor: Some(
                        RoleId {
                            value: Some(
                                System(
                                    1,
                                ),
                            ),
                        },
                    ),
                    acl_mode: Some(
                        AclMode {
                            bitflags: 256,
                        },
                    ),
                },
            ],
            oid: 17048,
        },
    },
    cluster_replicas: {
        ClusterReplicaKey {
            id: Some(
                ReplicaId {
                    value: Some(
                        User(
                            1,
                        ),
                    ),
                },
            ),
        }: ClusterReplicaValue {
            cluster_id: Some(
                ClusterId {
                    value: Some(
                        User(
                            1,
                        ),
                    ),
                },
            ),
            name: "r1",
            config: Some(
                ReplicaConfig {
                    logging: Some(
                        ReplicaLogging {
                            log_logging: false,
                            interval: Some(
                                Duration {
                                    secs: 1,
                                    nanos: 0,
                                },
                            ),
                        },
                    ),
                    location: Some(
                        Managed(
                            ManagedLocation {
                                size: "scale=1,workers=1",
                                availability_zone: None,
                                internal: false,
                                billed_as: None,
                                pending: false,
                            },
                        ),
                    ),
                },
            ),
            owner_id: Some(
                RoleId {
                    value: Some(
                        System(
                            1,
                        ),
                    ),
                },
            ),
        },
    },
    introspection_sources: {},
    id_allocator: {
        IdAllocKey {
            name: "auditlog",
        }: IdAllocValue {
            next_id: 13,
        },
        IdAllocKey {
            name: "database",
        }: IdAllocValue {
            next_id: 2,
        },
        IdAllocKey {
            name: "oid",
        }: IdAllocValue {
            next_id: 20002,
        },
        IdAllocKey {
            name: "replica",
        }: IdAllocValue {
            next_id: 2,
        },
        IdAllocKey {
            name: "schema",
        }: IdAllocValue {
            next_id: 9,
        },
        IdAllocKey {
            name: "storage_usage",
        }: IdAllocValue {
            next_id: 1,
        },
        IdAllocKey {
            name: "system",
        }: IdAllocValue {
            next_id: 1,
        },
        IdAllocKey {
            name: "system_compute",
        }: IdAllocValue {
            next_id: 1,
        },
        IdAllocKey {
            name: "system_replica",
        }: IdAllocValue {
            next_id: 1,
        },
        IdAllocKey {
            name: "user",
        }: IdAllocValue {
            next_id: 1,
        },
        IdAllocKey {
            name: "user_compute",
        }: IdAllocValue {
            next_id: 2,
        },
        IdAllocKey {
            name: "user_network_policy",
        }: IdAllocValue {
            next_id: 2,
        },
        IdAllocKey {
            name: "user_role",
        }: IdAllocValue {
            next_id: 1,
        },
    },
    configs: {
        ConfigKey {
            key: "system_config_synced",
        }: ConfigValue {
            value: 0,
        },
    },
    settings: {
        SettingKey {
            name: "catalog_content_version",
        }: SettingValue {
            value: "0.0.0",
        },
    },
    source_references: {},
    system_object_mappings: {},
    system_configurations: {},
    default_privileges: {
        DefaultPrivilegesKey {
            role_id: Some(
                RoleId {
                    value: Some(
                        Public(
                            Empty,
                        ),
                    ),
                },
            ),
            database_id: None,
            schema_id: None,
            object_type: 7,
            grantee: Some(
                RoleId {
                    value: Some(
                        Public(
                            Empty,
                        ),
                    ),
                },
            ),
        }: DefaultPrivilegesValue {
            privileges: Some(
                AclMode {
                    bitflags: 256,
                },
            ),
        },
        DefaultPrivilegesKey {
            role_id: Some(
                RoleId {
                    value: Some(
                        Public(
                            Empty,
                        ),
                    ),
                },
            ),
            database_id: None,
            schema_id: None,
            object_type: 9,
            grantee: Some(
                RoleId {
                    value: Some(
                        System(
                            2,
                        ),
                    ),
                },
            ),
        }: DefaultPrivilegesValue {
            privileges: Some(
                AclMode {
                    bitflags: 256,
                },
            ),
        },
        DefaultPrivilegesKey {
            role_id: Some(
                RoleId {
                    value: Some(
                        Public(
                            Empty,
                        ),
                    ),
                },
            ),
            database_id: None,
            schema_id: None,
            object_type: 13,
            grantee: Some(
                RoleId {
                    value: Some(
                        System(
                            2,
                        ),
                    ),
                },
            ),
        }: DefaultPrivilegesValue {
            privileges: Some(
                AclMode {
                    bitflags: 256,
                },
            ),
        },
        DefaultPrivilegesKey {
            role_id: Some(
                RoleId {
                    value: Some(
                        Public(
                            Empty,
                        ),
                    ),
                },
            ),
            database_id: None,
            schema_id: None,
            object_type: 14,
            grantee: Some(
                RoleId {
                    value: Some(
                        System(
                            2,
                        ),
                    ),
                },
            ),
        }: DefaultPrivilegesValue {
            privileges: Some(
                AclMode {
                    bitflags: 256,
                },
            ),
        },
    },
    system_privileges: {
        SystemPrivilegesKey {
            grantee: Some(
                RoleId {
                    value: Some(
                        System(
                            1,
                        ),
                    ),
                },
            ),
            grantor: Some(
                RoleId {
                    value: Some(
                        System(
                            1,
                        ),
                    ),
                },
            ),
        }: SystemPrivilegesValue {
            acl_mode: Some(
                AclMode {
                    bitflags: 8053063680,
                },
            ),
        },
    },
    storage_collection_metadata: {},
    unfinalized_shards: {},
    txn_wal_shard: {},
}
