---
source: src/expr/src/scalar/func/binary.rs
expression: "#[sqlfunc()]\n#[allow(dead_code)]\nfn infallible2(a: Option<f32>, b: Option<f32>) -> f32 {\n    a.unwrap_or_default() + b.unwrap_or_default()\n}\n"
---
#[derive(
    proptest_derive::Arbitrary,
    Ord,
    PartialOrd,
    Clone,
    Debug,
    Eq,
    PartialEq,
    serde::Serialize,
    serde::Deserialize,
    Hash,
    mz_lowertest::MzReflect
)]
pub struct Infallible2;
impl<'a> crate::func::binary::EagerBinaryFunc<'a> for Infallible2 {
    type Input1 = Option<f32>;
    type Input2 = Option<f32>;
    type Output = f32;
    fn call(
        &self,
        a: Self::Input1,
        b: Self::Input2,
        temp_storage: &'a mz_repr::RowArena,
    ) -> Self::Output {
        infallible2(a, b)
    }
    fn output_type(
        &self,
        input_type_a: mz_repr::ColumnType,
        input_type_b: mz_repr::ColumnType,
    ) -> mz_repr::ColumnType {
        use mz_repr::AsColumnType;
        let output = Self::Output::as_column_type();
        let propagates_nulls = crate::func::binary::EagerBinaryFunc::propagates_nulls(
            self,
        );
        let nullable = output.nullable;
        output
            .nullable(
                nullable
                    || (propagates_nulls
                        && (input_type_a.nullable || input_type_b.nullable)),
            )
    }
}
impl std::fmt::Display for Infallible2 {
    fn fmt(&self, f: &mut std::fmt::Formatter) -> std::fmt::Result {
        f.write_str(stringify!(infallible2))
    }
}
#[allow(dead_code)]
fn infallible2(a: Option<f32>, b: Option<f32>) -> f32 {
    a.unwrap_or_default() + b.unwrap_or_default()
}
