---
source: src/expr/src/scalar/func/binary.rs
expression: "#[sqlfunc(test = true)]\n#[allow(dead_code)]\nfn fallible3(a: f32, b: f32) -> Result<Option<f32>, EvalError> {\n    Ok(Some(a + b))\n}\n"
---
#[derive(
    proptest_derive::Arbitrary,
    Ord,
    PartialOrd,
    Clone,
    Debug,
    Eq,
    PartialEq,
    serde::Serialize,
    serde::Deserialize,
    Hash,
    mz_lowertest::MzReflect,
)]
pub struct Fallible3;
impl crate::func::binary::EagerBinaryFunc for Fallible3 {
    type Input<'a> = (f32, f32);
    type Output<'a> = Result<Option<f32>, EvalError>;
    fn call<'a>(
        &self,
        (a, b): Self::Input<'a>,
        temp_storage: &'a mz_repr::RowArena,
    ) -> Self::Output<'a> {
        fallible3(a, b)
    }
    fn output_sql_type(
        &self,
        input_types: &[mz_repr::SqlColumnType],
    ) -> mz_repr::SqlColumnType {
        use mz_repr::AsColumnType;
        let output = Self::Output::as_column_type();
        let propagates_nulls = crate::func::binary::EagerBinaryFunc::propagates_nulls(
            self,
        );
        let nullable = output.nullable;
        let inputs_nullable = input_types.iter().any(|it| it.nullable);
        let is_null = nullable || (propagates_nulls && inputs_nullable);
        output.nullable(is_null)
    }
}
impl std::fmt::Display for Fallible3 {
    fn fmt(&self, f: &mut std::fmt::Formatter) -> std::fmt::Result {
        f.write_str(stringify!(fallible3))
    }
}
#[allow(dead_code)]
fn fallible3(a: f32, b: f32) -> Result<Option<f32>, EvalError> {
    Ok(Some(a + b))
}
