---
source: src/expr/src/scalar/func/binary.rs
expression: "#[sqlfunc()]\n#[allow(dead_code)]\nfn infallible3(a: f32, b: f32) -> Option<f32> {\n    Some(a + b)\n}\n"
---
#[derive(
    proptest_derive::Arbitrary,
    Ord,
    PartialOrd,
    Clone,
    Debug,
    Eq,
    PartialEq,
    serde::Serialize,
    serde::Deserialize,
    Hash,
    mz_lowertest::MzReflect,
)]
pub struct Infallible3;
impl crate::func::binary::EagerBinaryFunc for Infallible3 {
    type Input1<'a> = f32;
    type Input2<'a> = f32;
    type Output<'a> = Option<f32>;
    fn call<'a>(
        &self,
        a: Self::Input1<'a>,
        b: Self::Input2<'a>,
        temp_storage: &'a mz_repr::RowArena,
    ) -> Self::Output<'a> {
        infallible3(a, b)
    }
    fn output_type(
        &self,
        input_type_a: mz_repr::SqlColumnType,
        input_type_b: mz_repr::SqlColumnType,
    ) -> mz_repr::SqlColumnType {
        use mz_repr::AsColumnType;
        let output = Self::Output::as_column_type();
        let propagates_nulls = crate::func::binary::EagerBinaryFunc::propagates_nulls(
            self,
        );
        let nullable = output.nullable;
        let is_null = nullable
            || (propagates_nulls && (input_type_a.nullable || input_type_b.nullable));
        output.nullable(is_null)
    }
}
impl std::fmt::Display for Infallible3 {
    fn fmt(&self, f: &mut std::fmt::Formatter) -> std::fmt::Result {
        f.write_str(stringify!(infallible3))
    }
}
#[allow(dead_code)]
fn infallible3(a: f32, b: f32) -> Option<f32> {
    Some(a + b)
}
