---
source: src/expr/src/scalar/func/binary.rs
expression: "#[sqlfunc(sqlname = \"INFALLIBLE\", is_infix_op = true)]\n#[allow(dead_code)]\nfn infallible1(a: f32, b: f32) -> f32 {\n    a + b\n}\n"
---
#[derive(
    proptest_derive::Arbitrary,
    Ord,
    PartialOrd,
    Clone,
    Debug,
    Eq,
    PartialEq,
    serde::Serialize,
    serde::Deserialize,
    Hash,
    mz_lowertest::MzReflect
)]
pub struct Infallible1;
impl<'a> crate::func::binary::EagerBinaryFunc<'a> for Infallible1 {
    type Input1 = f32;
    type Input2 = f32;
    type Output = f32;
    fn call(
        &self,
        a: Self::Input1,
        b: Self::Input2,
        temp_storage: &'a mz_repr::RowArena,
    ) -> Self::Output {
        infallible1(a, b)
    }
    fn output_type(
        &self,
        input_type_a: mz_repr::SqlColumnType,
        input_type_b: mz_repr::SqlColumnType,
    ) -> mz_repr::SqlColumnType {
        use mz_repr::AsColumnType;
        let output = Self::Output::as_column_type();
        let propagates_nulls = crate::func::binary::EagerBinaryFunc::propagates_nulls(
            self,
        );
        let nullable = output.nullable;
        output
            .nullable(
                nullable
                    || (propagates_nulls
                        && (input_type_a.nullable || input_type_b.nullable)),
            )
    }
    fn is_infix_op(&self) -> bool {
        true
    }
}
impl std::fmt::Display for Infallible1 {
    fn fmt(&self, f: &mut std::fmt::Formatter) -> std::fmt::Result {
        f.write_str("INFALLIBLE")
    }
}
#[allow(dead_code)]
fn infallible1(a: f32, b: f32) -> f32 {
    a + b
}
