---
source: src/expr/src/scalar/func/binary.rs
expression: "#[sqlfunc(test = true)]\n#[allow(dead_code)]\nfn infallible3(a: f32, b: f32) -> Option<f32> {\n    Some(a + b)\n}\n"
---
#[derive(
    Ord,
    PartialOrd,
    Clone,
    Debug,
    Eq,
    PartialEq,
    serde::Serialize,
    serde::Deserialize,
    Hash,
    mz_lowertest::MzReflect,
)]
#[cfg_attr(any(test, feature = "proptest"), derive(proptest_derive::Arbitrary))]
pub struct Infallible3;
impl crate::func::binary::EagerBinaryFunc for Infallible3 {
    type Input<'a> = (f32, f32);
    type Output<'a> = Option<f32>;
    fn call<'a>(
        &self,
        (a, b): Self::Input<'a>,
        temp_storage: &'a mz_repr::RowArena,
    ) -> Self::Output<'a> {
        infallible3(a, b)
    }
    fn output_sql_type(
        &self,
        input_types: &[mz_repr::SqlColumnType],
    ) -> mz_repr::SqlColumnType {
        use mz_repr::AsColumnType;
        let output = Self::Output::as_column_type();
        let propagates_nulls = crate::func::binary::EagerBinaryFunc::propagates_nulls(
            self,
        );
        let nullable = output.nullable;
        let non_nullable_input_is_nullable = false
            || input_types.get(0usize).map_or(false, |t| t.nullable)
            || input_types.get(1usize).map_or(false, |t| t.nullable);
        let inputs_nullable = input_types.iter().any(|it| it.nullable);
        let is_null = nullable || non_nullable_input_is_nullable
            || (propagates_nulls && inputs_nullable);
        output.nullable(is_null)
    }
}
impl crate::func::binary::LazyBinaryFunc for Infallible3 {
    fn eval<'a>(
        &'a self,
        datums: &[mz_repr::Datum<'a>],
        temp_storage: &'a mz_repr::RowArena,
        exprs: &[&'a crate::MirScalarExpr],
    ) -> ::std::result::Result<mz_repr::Datum<'a>, crate::EvalError> {
        use mz_repr::OutputDatumType;
        let _r0 = match exprs.get(0) {
            Some(e) => e.eval(datums, temp_storage),
            None => {
                return Err(
                    crate::EvalError::Internal("unexpectedly missing parameter".into()),
                );
            }
        };
        let _r1 = match exprs.get(1) {
            Some(e) => e.eval(datums, temp_storage),
            None => {
                return Err(
                    crate::EvalError::Internal("unexpectedly missing parameter".into()),
                );
            }
        };
        let r0 = <f32 as mz_repr::InputDatumType<
            'a,
            crate::EvalError,
        >>::try_from_result(_r0);
        let r1 = <f32 as mz_repr::InputDatumType<
            'a,
            crate::EvalError,
        >>::try_from_result(_r1);
        let r0 = match r0 {
            Err(Ok(d)) if !d.is_null() => {
                return Err(crate::EvalError::Internal("invalid input type".into()));
            }
            els => els,
        };
        let r1 = match r1 {
            Err(Ok(d)) if !d.is_null() => {
                return Err(crate::EvalError::Internal("invalid input type".into()));
            }
            els => els,
        };
        let r0 = match r0 {
            Err(Err(e)) => return Err(e),
            els => els,
        };
        let r1 = match r1 {
            Err(Err(e)) => return Err(e),
            els => els,
        };
        let a = match r0 {
            Ok(v) => v,
            Err(Ok(d)) => return Ok(d),
            Err(Err(_)) => unreachable!(),
        };
        let b = match r1 {
            Ok(v) => v,
            Err(Ok(d)) => return Ok(d),
            Err(Err(_)) => unreachable!(),
        };
        <Self as crate::func::binary::EagerBinaryFunc>::call(self, (a, b), temp_storage)
            .into_result(temp_storage)
    }
    fn output_sql_type(
        &self,
        input_types: &[mz_repr::SqlColumnType],
    ) -> mz_repr::SqlColumnType {
        <Self as crate::func::binary::EagerBinaryFunc>::output_sql_type(
            self,
            input_types,
        )
    }
    fn propagates_nulls(&self) -> bool {
        <Self as crate::func::binary::EagerBinaryFunc>::propagates_nulls(self)
    }
    fn introduces_nulls(&self) -> bool {
        <Self as crate::func::binary::EagerBinaryFunc>::introduces_nulls(self)
    }
    fn could_error(&self) -> bool {
        <Self as crate::func::binary::EagerBinaryFunc>::could_error(self)
    }
    fn negate(&self) -> ::std::option::Option<crate::BinaryFunc> {
        <Self as crate::func::binary::EagerBinaryFunc>::negate(self)
    }
    fn is_monotone(&self) -> (bool, bool) {
        <Self as crate::func::binary::EagerBinaryFunc>::is_monotone(self)
    }
    fn is_infix_op(&self) -> bool {
        <Self as crate::func::binary::EagerBinaryFunc>::is_infix_op(self)
    }
}
impl std::fmt::Display for Infallible3 {
    fn fmt(&self, f: &mut std::fmt::Formatter) -> std::fmt::Result {
        f.write_str(stringify!(infallible3))
    }
}
#[allow(dead_code)]
fn infallible3(a: f32, b: f32) -> Option<f32> {
    Some(a + b)
}
