---
source: src/expr/src/scalar/func/impls/boolean.rs
expression: "#[sqlfunc(\n    sqlname = \"boolean_to_bigint\",\n    preserves_uniqueness = true,\n    inverse = to_unary!(super::CastInt64ToBool),\n    is_monotone = true,\n)]\n#[allow(clippy::extra_unused_lifetimes)]\npub fn cast_bool_to_int64<'a>(a: bool) -> i64 {\n    {\n        match a {\n            true => 1,\n            false => 0,\n        }\n    }\n}\n"
---
#[derive(
    proptest_derive::Arbitrary,
    Ord,
    PartialOrd,
    Clone,
    Debug,
    Eq,
    PartialEq,
    serde::Serialize,
    serde::Deserialize,
    Hash,
    mz_lowertest::MzReflect
)]
pub struct CastBoolToInt64;
impl<'a> crate::func::EagerUnaryFunc<'a> for CastBoolToInt64 {
    type Input = bool;
    type Output = i64;
    fn call(&self, a: Self::Input) -> Self::Output {
        cast_bool_to_int64(a)
    }
    fn output_type(&self, input_type: mz_repr::ColumnType) -> mz_repr::ColumnType {
        use mz_repr::AsColumnType;
        let output = Self::Output::as_column_type();
        let propagates_nulls = crate::func::EagerUnaryFunc::propagates_nulls(self);
        let nullable = output.nullable;
        output.nullable(nullable || (propagates_nulls && input_type.nullable))
    }
    fn inverse(&self) -> Option<crate::UnaryFunc> {
        to_unary!(super::CastInt64ToBool)
    }
    fn is_monotone(&self) -> bool {
        true
    }
    fn preserves_uniqueness(&self) -> bool {
        true
    }
}
impl std::fmt::Display for CastBoolToInt64 {
    fn fmt(&self, f: &mut std::fmt::Formatter) -> std::fmt::Result {
        f.write_str("boolean_to_bigint")
    }
}
#[allow(clippy::extra_unused_lifetimes)]
pub fn cast_bool_to_int64<'a>(a: bool) -> i64 {
    {
        match a {
            true => 1,
            false => 0,
        }
    }
}
