---
source: src/expr/src/scalar/func/impls/timestamp.rs
expression: "#[sqlfunc(\n    sqlname = \"timestamp_to_date\",\n    preserves_uniqueness = false,\n    inverse = to_unary!(super::CastDateToTimestamp(None)),\n    is_monotone = true,\n)]\n#[allow(clippy::extra_unused_lifetimes)]\npub fn cast_timestamp_to_date<'a>(\n    a: CheckedTimestamp<NaiveDateTime>,\n) -> Result<Date, EvalError> {\n    { Ok(a.date().try_into()?) }\n}\n"
---
#[derive(
    proptest_derive::Arbitrary,
    Ord,
    PartialOrd,
    Clone,
    Debug,
    Eq,
    PartialEq,
    serde::Serialize,
    serde::Deserialize,
    Hash,
    mz_lowertest::MzReflect
)]
pub struct CastTimestampToDate;
impl<'a> crate::func::EagerUnaryFunc<'a> for CastTimestampToDate {
    type Input = CheckedTimestamp<NaiveDateTime>;
    type Output = Result<Date, EvalError>;
    fn call(&self, a: Self::Input) -> Self::Output {
        cast_timestamp_to_date(a)
    }
    fn output_type(&self, input_type: mz_repr::ColumnType) -> mz_repr::ColumnType {
        use mz_repr::AsColumnType;
        let output = Self::Output::as_column_type();
        let propagates_nulls = crate::func::EagerUnaryFunc::propagates_nulls(self);
        let nullable = output.nullable;
        output.nullable(nullable || (propagates_nulls && input_type.nullable))
    }
    fn inverse(&self) -> Option<crate::UnaryFunc> {
        to_unary!(super::CastDateToTimestamp(None))
    }
    fn is_monotone(&self) -> bool {
        true
    }
    fn preserves_uniqueness(&self) -> bool {
        false
    }
}
impl std::fmt::Display for CastTimestampToDate {
    fn fmt(&self, f: &mut std::fmt::Formatter) -> std::fmt::Result {
        f.write_str("timestamp_to_date")
    }
}
#[allow(clippy::extra_unused_lifetimes)]
pub fn cast_timestamp_to_date<'a>(
    a: CheckedTimestamp<NaiveDateTime>,
) -> Result<Date, EvalError> {
    { Ok(a.date().try_into()?) }
}
