---
source: src/expr/src/scalar/func/impls/datum.rs
expression: "#[sqlfunc(\n    sqlname = \"isnull\",\n    preserves_uniqueness = false,\n    inverse = None,\n    is_monotone = true,\n)]\n#[allow(clippy::extra_unused_lifetimes)]\npub fn is_null<'a>(a: Datum<'a>) -> bool {\n    { a.is_null() }\n}\n"
---
#[derive(
    proptest_derive::Arbitrary,
    Ord,
    PartialOrd,
    Clone,
    Debug,
    Eq,
    PartialEq,
    serde::Serialize,
    serde::Deserialize,
    Hash,
    mz_lowertest::MzReflect
)]
pub struct IsNull;
impl<'a> crate::func::EagerUnaryFunc<'a> for IsNull {
    type Input = Datum<'a>;
    type Output = bool;
    fn call(&self, a: Self::Input) -> Self::Output {
        is_null(a)
    }
    fn output_type(&self, input_type: mz_repr::SqlColumnType) -> mz_repr::SqlColumnType {
        use mz_repr::AsColumnType;
        let output = Self::Output::as_column_type();
        let propagates_nulls = crate::func::EagerUnaryFunc::propagates_nulls(self);
        let nullable = output.nullable;
        output.nullable(nullable || (propagates_nulls && input_type.nullable))
    }
    fn inverse(&self) -> Option<crate::UnaryFunc> {
        None
    }
    fn is_monotone(&self) -> bool {
        true
    }
    fn preserves_uniqueness(&self) -> bool {
        false
    }
}
impl std::fmt::Display for IsNull {
    fn fmt(&self, f: &mut std::fmt::Formatter) -> std::fmt::Result {
        f.write_str("isnull")
    }
}
#[allow(clippy::extra_unused_lifetimes)]
pub fn is_null<'a>(a: Datum<'a>) -> bool {
    { a.is_null() }
}
