---
source: src/expr/src/scalar/func/impls/string.rs
expression: "#[sqlfunc(\n    sqlname = \"text_to_name\",\n    preserves_uniqueness = true,\n    inverse = None,\n    is_monotone = false,\n)]\n#[allow(clippy::extra_unused_lifetimes)]\npub fn cast_string_to_pg_legacy_name<'a>(a: &'a str) -> PgLegacyName<String> {\n    { PgLegacyName(strconv::parse_pg_legacy_name(a)) }\n}\n"
---
#[derive(
    proptest_derive::Arbitrary,
    Ord,
    PartialOrd,
    Clone,
    Debug,
    Eq,
    PartialEq,
    serde::Serialize,
    serde::Deserialize,
    Hash,
    mz_lowertest::MzReflect
)]
pub struct CastStringToPgLegacyName;
impl<'a> crate::func::EagerUnaryFunc<'a> for CastStringToPgLegacyName {
    type Input = &'a str;
    type Output = PgLegacyName<String>;
    fn call(&self, a: Self::Input) -> Self::Output {
        cast_string_to_pg_legacy_name(a)
    }
    fn output_type(&self, input_type: mz_repr::SqlColumnType) -> mz_repr::SqlColumnType {
        use mz_repr::AsColumnType;
        let output = Self::Output::as_column_type();
        let propagates_nulls = crate::func::EagerUnaryFunc::propagates_nulls(self);
        let nullable = output.nullable;
        output.nullable(nullable || (propagates_nulls && input_type.nullable))
    }
    fn inverse(&self) -> Option<crate::UnaryFunc> {
        None
    }
    fn is_monotone(&self) -> bool {
        false
    }
    fn preserves_uniqueness(&self) -> bool {
        true
    }
}
impl std::fmt::Display for CastStringToPgLegacyName {
    fn fmt(&self, f: &mut std::fmt::Formatter) -> std::fmt::Result {
        f.write_str("text_to_name")
    }
}
#[allow(clippy::extra_unused_lifetimes)]
pub fn cast_string_to_pg_legacy_name<'a>(a: &'a str) -> PgLegacyName<String> {
    { PgLegacyName(strconv::parse_pg_legacy_name(a)) }
}
