---
source: src/expr/src/scalar/func/impls/boolean.rs
expression: "#[sqlfunc(\n    sqlname = \"boolean_to_text\",\n    preserves_uniqueness = true,\n    inverse = to_unary!(super::CastStringToBool),\n    is_monotone = true,\n)]\n#[allow(clippy::extra_unused_lifetimes)]\npub fn cast_bool_to_string<'a>(a: bool) -> &'a str {\n    {\n        match a {\n            true => \"true\",\n            false => \"false\",\n        }\n    }\n}\n"
---
#[derive(
    proptest_derive::Arbitrary,
    Ord,
    PartialOrd,
    Clone,
    Debug,
    Eq,
    PartialEq,
    serde::Serialize,
    serde::Deserialize,
    Hash,
    mz_lowertest::MzReflect
)]
pub struct CastBoolToString;
impl<'a> crate::func::EagerUnaryFunc<'a> for CastBoolToString {
    type Input = bool;
    type Output = &'a str;
    fn call(&self, a: Self::Input) -> Self::Output {
        cast_bool_to_string(a)
    }
    fn output_type(&self, input_type: mz_repr::ColumnType) -> mz_repr::ColumnType {
        use mz_repr::AsColumnType;
        let output = Self::Output::as_column_type();
        let propagates_nulls = crate::func::EagerUnaryFunc::propagates_nulls(self);
        let nullable = output.nullable;
        output.nullable(nullable || (propagates_nulls && input_type.nullable))
    }
    fn inverse(&self) -> Option<crate::UnaryFunc> {
        to_unary!(super::CastStringToBool)
    }
    fn is_monotone(&self) -> bool {
        true
    }
    fn preserves_uniqueness(&self) -> bool {
        true
    }
}
impl std::fmt::Display for CastBoolToString {
    fn fmt(&self, f: &mut std::fmt::Formatter) -> std::fmt::Result {
        f.write_str("boolean_to_text")
    }
}
#[allow(clippy::extra_unused_lifetimes)]
pub fn cast_bool_to_string<'a>(a: bool) -> &'a str {
    {
        match a {
            true => "true",
            false => "false",
        }
    }
}
