---
source: src/expr/src/scalar/func/impls/string.rs
expression: "#[sqlfunc(\n    sqlname = \"text_to_oid\",\n    preserves_uniqueness = false,\n    inverse = to_unary!(super::CastOidToString),\n    is_monotone = false,\n)]\n#[allow(clippy::extra_unused_lifetimes)]\npub fn cast_string_to_oid<'a>(a: &'a str) -> Result<Oid, EvalError> {\n    { Ok(Oid(strconv::parse_oid(a)?)) }\n}\n"
---
#[derive(
    proptest_derive::Arbitrary,
    Ord,
    PartialOrd,
    Clone,
    Debug,
    Eq,
    PartialEq,
    serde::Serialize,
    serde::Deserialize,
    Hash,
    mz_lowertest::MzReflect
)]
pub struct CastStringToOid;
impl<'a> crate::func::EagerUnaryFunc<'a> for CastStringToOid {
    type Input = &'a str;
    type Output = Result<Oid, EvalError>;
    fn call(&self, a: Self::Input) -> Self::Output {
        cast_string_to_oid(a)
    }
    fn output_type(&self, input_type: mz_repr::ColumnType) -> mz_repr::ColumnType {
        use mz_repr::AsColumnType;
        let output = Self::Output::as_column_type();
        let propagates_nulls = crate::func::EagerUnaryFunc::propagates_nulls(self);
        let nullable = output.nullable;
        output.nullable(nullable || (propagates_nulls && input_type.nullable))
    }
    fn inverse(&self) -> Option<crate::UnaryFunc> {
        to_unary!(super::CastOidToString)
    }
    fn is_monotone(&self) -> bool {
        false
    }
    fn preserves_uniqueness(&self) -> bool {
        false
    }
}
impl std::fmt::Display for CastStringToOid {
    fn fmt(&self, f: &mut std::fmt::Formatter) -> std::fmt::Result {
        f.write_str("text_to_oid")
    }
}
#[allow(clippy::extra_unused_lifetimes)]
pub fn cast_string_to_oid<'a>(a: &'a str) -> Result<Oid, EvalError> {
    { Ok(Oid(strconv::parse_oid(a)?)) }
}
