---
source: src/expr/src/scalar/func/impls/float32.rs
expression: "#[sqlfunc(\n    sqlname = \"real_to_uint2\",\n    preserves_uniqueness = false,\n    inverse = to_unary!(super::CastUint16ToFloat32),\n    is_monotone = true,\n)]\n#[allow(clippy::extra_unused_lifetimes)]\npub fn cast_float32_to_uint16<'a>(a: f32) -> Result<u16, EvalError> {\n    {\n        let f = round_float32(a);\n        #[allow(clippy::as_conversions)]\n        if (f >= 0.0) && (f <= (u16::MAX as f32)) {\n            Ok(f as u16)\n        } else {\n            Err(EvalError::UInt16OutOfRange(f.to_string().into()))\n        }\n    }\n}\n"
---
#[derive(
    proptest_derive::Arbitrary,
    Ord,
    PartialOrd,
    Clone,
    Debug,
    Eq,
    PartialEq,
    serde::Serialize,
    serde::Deserialize,
    Hash,
    mz_lowertest::MzReflect
)]
pub struct CastFloat32ToUint16;
impl<'a> crate::func::EagerUnaryFunc<'a> for CastFloat32ToUint16 {
    type Input = f32;
    type Output = Result<u16, EvalError>;
    fn call(&self, a: Self::Input) -> Self::Output {
        cast_float32_to_uint16(a)
    }
    fn output_type(&self, input_type: mz_repr::SqlColumnType) -> mz_repr::SqlColumnType {
        use mz_repr::AsColumnType;
        let output = Self::Output::as_column_type();
        let propagates_nulls = crate::func::EagerUnaryFunc::propagates_nulls(self);
        let nullable = output.nullable;
        output.nullable(nullable || (propagates_nulls && input_type.nullable))
    }
    fn inverse(&self) -> Option<crate::UnaryFunc> {
        to_unary!(super::CastUint16ToFloat32)
    }
    fn is_monotone(&self) -> bool {
        true
    }
    fn preserves_uniqueness(&self) -> bool {
        false
    }
}
impl std::fmt::Display for CastFloat32ToUint16 {
    fn fmt(&self, f: &mut std::fmt::Formatter) -> std::fmt::Result {
        f.write_str("real_to_uint2")
    }
}
#[allow(clippy::extra_unused_lifetimes)]
pub fn cast_float32_to_uint16<'a>(a: f32) -> Result<u16, EvalError> {
    {
        let f = round_float32(a);
        #[allow(clippy::as_conversions)]
        if (f >= 0.0) && (f <= (u16::MAX as f32)) {
            Ok(f as u16)
        } else {
            Err(EvalError::UInt16OutOfRange(f.to_string().into()))
        }
    }
}
