---
source: src/expr/src/scalar/func/impls/oid.rs
expression: info
---
Info {
    output_type_nullable: SqlColumnType {
        scalar_type: RegProc,
        nullable: true,
    },
    output_type_nonnullable: SqlColumnType {
        scalar_type: RegProc,
        nullable: false,
    },
    preserves_uniqueness: true,
    inverse: Some(
        CastRegProcToOid(
            CastRegProcToOid,
        ),
    ),
    is_monotone: false,
    propagates_nulls: true,
    introduces_nulls: false,
    could_error: false,
}
