---
source: src/expr/src/scalar/func/impls/timestamp.rs
expression: "#[sqlfunc(\n    sqlname = \"timestamp_with_time_zone_to_time\",\n    preserves_uniqueness = false,\n    inverse = None,\n    is_monotone = false,\n)]\n#[allow(clippy::extra_unused_lifetimes)]\npub fn cast_timestamp_tz_to_time<'a>(a: CheckedTimestamp<DateTime<Utc>>) -> NaiveTime {\n    { a.naive_utc().time() }\n}\n"
---
#[derive(
    proptest_derive::Arbitrary,
    Ord,
    PartialOrd,
    Clone,
    Debug,
    Eq,
    PartialEq,
    serde::Serialize,
    serde::Deserialize,
    Hash,
    mz_lowertest::MzReflect
)]
pub struct CastTimestampTzToTime;
impl<'a> crate::func::EagerUnaryFunc<'a> for CastTimestampTzToTime {
    type Input = CheckedTimestamp<DateTime<Utc>>;
    type Output = NaiveTime;
    fn call(&self, a: Self::Input) -> Self::Output {
        cast_timestamp_tz_to_time(a)
    }
    fn output_type(&self, input_type: mz_repr::ColumnType) -> mz_repr::ColumnType {
        use mz_repr::AsColumnType;
        let output = Self::Output::as_column_type();
        let propagates_nulls = crate::func::EagerUnaryFunc::propagates_nulls(self);
        let nullable = output.nullable;
        output.nullable(nullable || (propagates_nulls && input_type.nullable))
    }
    fn inverse(&self) -> Option<crate::UnaryFunc> {
        None
    }
    fn is_monotone(&self) -> bool {
        false
    }
    fn preserves_uniqueness(&self) -> bool {
        false
    }
}
impl std::fmt::Display for CastTimestampTzToTime {
    fn fmt(&self, f: &mut std::fmt::Formatter) -> std::fmt::Result {
        f.write_str("timestamp_with_time_zone_to_time")
    }
}
#[allow(clippy::extra_unused_lifetimes)]
pub fn cast_timestamp_tz_to_time<'a>(a: CheckedTimestamp<DateTime<Utc>>) -> NaiveTime {
    { a.naive_utc().time() }
}
