---
source: src/expr/src/scalar/func/impls/timestamp.rs
expression: info
---
Info {
    output_type_nullable: ColumnType {
        scalar_type: Date,
        nullable: true,
    },
    output_type_nonnullable: ColumnType {
        scalar_type: Date,
        nullable: false,
    },
    preserves_uniqueness: false,
    inverse: Some(
        CastDateToTimestamp(
            CastDateToTimestamp(
                None,
            ),
        ),
    ),
    is_monotone: true,
    propagates_nulls: true,
    introduces_nulls: false,
    could_error: true,
}
