---
source: src/expr/src/scalar/func/impls/char.rs
expression: "#[sqlfunc(\n    sqlname = \"char_to_text\",\n    preserves_uniqueness = true,\n    inverse = to_unary!(super::CastStringToChar{length:None, fail_on_len:false}),\n    is_monotone = false,\n)]\n#[allow(clippy::extra_unused_lifetimes)]\npub fn cast_char_to_string<'a>(a: Char<&'a str>) -> &'a str {\n    { a.0 }\n}\n"
---
#[derive(
    proptest_derive::Arbitrary,
    Ord,
    PartialOrd,
    Clone,
    Debug,
    Eq,
    PartialEq,
    serde::Serialize,
    serde::Deserialize,
    Hash,
    mz_lowertest::MzReflect
)]
pub struct CastCharToString;
impl<'a> crate::func::EagerUnaryFunc<'a> for CastCharToString {
    type Input = Char<&'a str>;
    type Output = &'a str;
    fn call(&self, a: Self::Input) -> Self::Output {
        cast_char_to_string(a)
    }
    fn output_type(&self, input_type: mz_repr::SqlColumnType) -> mz_repr::SqlColumnType {
        use mz_repr::AsColumnType;
        let output = Self::Output::as_column_type();
        let propagates_nulls = crate::func::EagerUnaryFunc::propagates_nulls(self);
        let nullable = output.nullable;
        output.nullable(nullable || (propagates_nulls && input_type.nullable))
    }
    fn inverse(&self) -> Option<crate::UnaryFunc> {
        to_unary!(super::CastStringToChar { length : None, fail_on_len : false, })
    }
    fn is_monotone(&self) -> bool {
        false
    }
    fn preserves_uniqueness(&self) -> bool {
        true
    }
}
impl std::fmt::Display for CastCharToString {
    fn fmt(&self, f: &mut std::fmt::Formatter) -> std::fmt::Result {
        f.write_str("char_to_text")
    }
}
#[allow(clippy::extra_unused_lifetimes)]
pub fn cast_char_to_string<'a>(a: Char<&'a str>) -> &'a str {
    { a.0 }
}
