---
source: src/expr/src/scalar/func/impls/float64.rs
expression: "#[sqlfunc(sqlname = \"floorf64\")]\nfn floor_float64(a: f64) -> f64 {\n    a.floor()\n}\n"
---
#[derive(
    proptest_derive::Arbitrary,
    Ord,
    PartialOrd,
    Clone,
    Debug,
    Eq,
    PartialEq,
    serde::Serialize,
    serde::Deserialize,
    Hash,
    mz_lowertest::MzReflect
)]
pub struct FloorFloat64;
impl<'a> crate::func::EagerUnaryFunc<'a> for FloorFloat64 {
    type Input = f64;
    type Output = f64;
    fn call(&self, a: Self::Input) -> Self::Output {
        floor_float64(a)
    }
    fn output_type(&self, input_type: mz_repr::SqlColumnType) -> mz_repr::SqlColumnType {
        use mz_repr::AsColumnType;
        let output = Self::Output::as_column_type();
        let propagates_nulls = crate::func::EagerUnaryFunc::propagates_nulls(self);
        let nullable = output.nullable;
        output.nullable(nullable || (propagates_nulls && input_type.nullable))
    }
}
impl std::fmt::Display for FloorFloat64 {
    fn fmt(&self, f: &mut std::fmt::Formatter) -> std::fmt::Result {
        f.write_str("floorf64")
    }
}
fn floor_float64(a: f64) -> f64 {
    a.floor()
}
