---
source: src/expr/src/scalar/func/impls/byte.rs
expression: "#[sqlfunc(\n    sqlname = \"bit_count\",\n    preserves_uniqueness = false,\n    inverse = None,\n    is_monotone = false,\n)]\n#[allow(clippy::extra_unused_lifetimes)]\npub fn bit_count_bytes<'a>(a: &'a [u8]) -> Result<i64, EvalError> {\n    {\n        let count: u64 = a.iter().map(|b| u64::cast_from(b.count_ones())).sum();\n        i64::try_from(count)\n            .or_else(|_| Err(EvalError::Int64OutOfRange(count.to_string().into())))\n    }\n}\n"
---
#[derive(
    proptest_derive::Arbitrary,
    Ord,
    PartialOrd,
    Clone,
    Debug,
    Eq,
    PartialEq,
    serde::Serialize,
    serde::Deserialize,
    Hash,
    mz_lowertest::MzReflect
)]
pub struct BitCountBytes;
impl<'a> crate::func::EagerUnaryFunc<'a> for BitCountBytes {
    type Input = &'a [u8];
    type Output = Result<i64, EvalError>;
    fn call(&self, a: Self::Input) -> Self::Output {
        bit_count_bytes(a)
    }
    fn output_type(&self, input_type: mz_repr::ColumnType) -> mz_repr::ColumnType {
        use mz_repr::AsColumnType;
        let output = Self::Output::as_column_type();
        let propagates_nulls = crate::func::EagerUnaryFunc::propagates_nulls(self);
        let nullable = output.nullable;
        output.nullable(nullable || (propagates_nulls && input_type.nullable))
    }
    fn inverse(&self) -> Option<crate::UnaryFunc> {
        None
    }
    fn is_monotone(&self) -> bool {
        false
    }
    fn preserves_uniqueness(&self) -> bool {
        false
    }
}
impl std::fmt::Display for BitCountBytes {
    fn fmt(&self, f: &mut std::fmt::Formatter) -> std::fmt::Result {
        f.write_str("bit_count")
    }
}
#[allow(clippy::extra_unused_lifetimes)]
pub fn bit_count_bytes<'a>(a: &'a [u8]) -> Result<i64, EvalError> {
    {
        let count: u64 = a.iter().map(|b| u64::cast_from(b.count_ones())).sum();
        i64::try_from(count)
            .or_else(|_| Err(EvalError::Int64OutOfRange(count.to_string().into())))
    }
}
