---
source: src/expr/src/scalar/func/impls/string.rs
expression: info
---
Info {
    output_type_nullable: SqlColumnType {
        scalar_type: Timestamp {
            precision: None,
        },
        nullable: true,
    },
    output_type_nonnullable: SqlColumnType {
        scalar_type: Timestamp {
            precision: None,
        },
        nullable: true,
    },
    preserves_uniqueness: false,
    inverse: None,
    is_monotone: false,
    propagates_nulls: true,
    introduces_nulls: true,
    could_error: false,
}
