---
source: src/expr/src/scalar/func/impls/int64.rs
expression: "#[sqlfunc(\n    sqlname = \"bigint_to_integer\",\n    preserves_uniqueness = true,\n    inverse = to_unary!(super::CastInt32ToInt64),\n    is_monotone = true,\n)]\n#[allow(clippy::extra_unused_lifetimes)]\npub fn cast_int64_to_int32<'a>(a: i64) -> Result<i32, EvalError> {\n    {\n        i32::try_from(a)\n            .or_else(|_| Err(EvalError::Int32OutOfRange(a.to_string().into())))\n    }\n}\n"
---
#[derive(
    proptest_derive::Arbitrary,
    Ord,
    PartialOrd,
    Clone,
    Debug,
    Eq,
    PartialEq,
    serde::Serialize,
    serde::Deserialize,
    Hash,
    mz_lowertest::MzReflect
)]
pub struct CastInt64ToInt32;
impl<'a> crate::func::EagerUnaryFunc<'a> for CastInt64ToInt32 {
    type Input = i64;
    type Output = Result<i32, EvalError>;
    fn call(&self, a: Self::Input) -> Self::Output {
        cast_int64_to_int32(a)
    }
    fn output_type(&self, input_type: mz_repr::SqlColumnType) -> mz_repr::SqlColumnType {
        use mz_repr::AsColumnType;
        let output = Self::Output::as_column_type();
        let propagates_nulls = crate::func::EagerUnaryFunc::propagates_nulls(self);
        let nullable = output.nullable;
        output.nullable(nullable || (propagates_nulls && input_type.nullable))
    }
    fn inverse(&self) -> Option<crate::UnaryFunc> {
        to_unary!(super::CastInt32ToInt64)
    }
    fn is_monotone(&self) -> bool {
        true
    }
    fn preserves_uniqueness(&self) -> bool {
        true
    }
}
impl std::fmt::Display for CastInt64ToInt32 {
    fn fmt(&self, f: &mut std::fmt::Formatter) -> std::fmt::Result {
        f.write_str("bigint_to_integer")
    }
}
#[allow(clippy::extra_unused_lifetimes)]
pub fn cast_int64_to_int32<'a>(a: i64) -> Result<i32, EvalError> {
    {
        i32::try_from(a)
            .or_else(|_| Err(EvalError::Int32OutOfRange(a.to_string().into())))
    }
}
