---
source: src/expr/src/scalar/func/impls/int32.rs
expression: info
---
Info {
    output_type_nullable: SqlColumnType {
        scalar_type: Float64,
        nullable: true,
    },
    output_type_nonnullable: SqlColumnType {
        scalar_type: Float64,
        nullable: false,
    },
    preserves_uniqueness: true,
    inverse: Some(
        CastFloat64ToInt32(
            CastFloat64ToInt32,
        ),
    ),
    is_monotone: true,
    propagates_nulls: true,
    introduces_nulls: false,
    could_error: false,
}
