---
source: src/expr/src/scalar/func/impls/datum.rs
expression: "#[sqlfunc(\n    sqlname = stringify!(mz_row_size),\n    preserves_uniqueness = false,\n    inverse = None,\n    is_monotone = false,\n)]\n#[allow(clippy::extra_unused_lifetimes)]\npub fn mz_row_size<'a>(a: DatumList<'a>) -> Result<i32, EvalError> {\n    {\n        let sz = mz_repr::row_size(a.iter());\n        i32::try_from(sz)\n            .or_else(|_| Err(EvalError::Int32OutOfRange(sz.to_string().into())))\n    }\n}\n"
---
#[derive(
    proptest_derive::Arbitrary,
    Ord,
    PartialOrd,
    Clone,
    Debug,
    Eq,
    PartialEq,
    serde::Serialize,
    serde::Deserialize,
    Hash,
    mz_lowertest::MzReflect
)]
pub struct MzRowSize;
impl<'a> crate::func::EagerUnaryFunc<'a> for MzRowSize {
    type Input = DatumList<'a>;
    type Output = Result<i32, EvalError>;
    fn call(&self, a: Self::Input) -> Self::Output {
        mz_row_size(a)
    }
    fn output_type(&self, input_type: mz_repr::ColumnType) -> mz_repr::ColumnType {
        use mz_repr::AsColumnType;
        let output = Self::Output::as_column_type();
        let propagates_nulls = crate::func::EagerUnaryFunc::propagates_nulls(self);
        let nullable = output.nullable;
        output.nullable(nullable || (propagates_nulls && input_type.nullable))
    }
    fn inverse(&self) -> Option<crate::UnaryFunc> {
        None
    }
    fn is_monotone(&self) -> bool {
        false
    }
    fn preserves_uniqueness(&self) -> bool {
        false
    }
}
impl std::fmt::Display for MzRowSize {
    fn fmt(&self, f: &mut std::fmt::Formatter) -> std::fmt::Result {
        f.write_str(stringify!(mz_row_size))
    }
}
#[allow(clippy::extra_unused_lifetimes)]
pub fn mz_row_size<'a>(a: DatumList<'a>) -> Result<i32, EvalError> {
    {
        let sz = mz_repr::row_size(a.iter());
        i32::try_from(sz)
            .or_else(|_| Err(EvalError::Int32OutOfRange(sz.to_string().into())))
    }
}
