---
source: src/expr/src/scalar/func/impls/mz_timestamp.rs
expression: info
---
Info {
    output_type_nullable: ColumnType {
        scalar_type: Timestamp {
            precision: None,
        },
        nullable: true,
    },
    output_type_nonnullable: ColumnType {
        scalar_type: Timestamp {
            precision: None,
        },
        nullable: false,
    },
    preserves_uniqueness: true,
    inverse: Some(
        CastTimestampToMzTimestamp(
            CastTimestampToMzTimestamp,
        ),
    ),
    is_monotone: false,
    propagates_nulls: true,
    introduces_nulls: false,
    could_error: true,
}
