---
source: src/expr/src/scalar/func/impls/pg_legacy_char.rs
expression: "#[sqlfunc(\n    sqlname = \"\\\"char\\\"_to_char\",\n    preserves_uniqueness = true,\n    inverse = to_unary!(super::CastStringToPgLegacyChar),\n    is_monotone = false,\n)]\n#[allow(clippy::extra_unused_lifetimes)]\npub fn cast_pg_legacy_char_to_char<'a>(\n    a: PgLegacyChar,\n) -> Result<Char<String>, EvalError> {\n    {\n        let mut buf = String::new();\n        format_pg_legacy_char(&mut buf, a.0)?;\n        Ok(Char(buf))\n    }\n}\n"
---
#[derive(
    proptest_derive::Arbitrary,
    Ord,
    PartialOrd,
    Clone,
    Debug,
    Eq,
    PartialEq,
    serde::Serialize,
    serde::Deserialize,
    Hash,
    mz_lowertest::MzReflect
)]
pub struct CastPgLegacyCharToChar;
impl<'a> crate::func::EagerUnaryFunc<'a> for CastPgLegacyCharToChar {
    type Input = PgLegacyChar;
    type Output = Result<Char<String>, EvalError>;
    fn call(&self, a: Self::Input) -> Self::Output {
        cast_pg_legacy_char_to_char(a)
    }
    fn output_type(&self, input_type: mz_repr::SqlColumnType) -> mz_repr::SqlColumnType {
        use mz_repr::AsColumnType;
        let output = Self::Output::as_column_type();
        let propagates_nulls = crate::func::EagerUnaryFunc::propagates_nulls(self);
        let nullable = output.nullable;
        output.nullable(nullable || (propagates_nulls && input_type.nullable))
    }
    fn inverse(&self) -> Option<crate::UnaryFunc> {
        to_unary!(super::CastStringToPgLegacyChar)
    }
    fn is_monotone(&self) -> bool {
        false
    }
    fn preserves_uniqueness(&self) -> bool {
        true
    }
}
impl std::fmt::Display for CastPgLegacyCharToChar {
    fn fmt(&self, f: &mut std::fmt::Formatter) -> std::fmt::Result {
        f.write_str("\"char\"_to_char")
    }
}
#[allow(clippy::extra_unused_lifetimes)]
pub fn cast_pg_legacy_char_to_char<'a>(
    a: PgLegacyChar,
) -> Result<Char<String>, EvalError> {
    {
        let mut buf = String::new();
        format_pg_legacy_char(&mut buf, a.0)?;
        Ok(Char(buf))
    }
}
