---
source: src/expr/src/scalar/func/impls/datum.rs
expression: "#[sqlfunc(sqlname = \"isfalse\")]\nfn is_false<'a>(a: Datum<'a>) -> bool {\n    a == Datum::False\n}\n"
---
#[derive(
    proptest_derive::Arbitrary,
    Ord,
    PartialOrd,
    Clone,
    Debug,
    Eq,
    PartialEq,
    serde::Serialize,
    serde::Deserialize,
    Hash,
    mz_lowertest::MzReflect
)]
pub struct IsFalse;
impl<'a> crate::func::EagerUnaryFunc<'a> for IsFalse {
    type Input = Datum<'a>;
    type Output = bool;
    fn call(&self, a: Self::Input) -> Self::Output {
        is_false(a)
    }
    fn output_type(&self, input_type: mz_repr::SqlColumnType) -> mz_repr::SqlColumnType {
        use mz_repr::AsColumnType;
        let output = Self::Output::as_column_type();
        let propagates_nulls = crate::func::EagerUnaryFunc::propagates_nulls(self);
        let nullable = output.nullable;
        output.nullable(nullable || (propagates_nulls && input_type.nullable))
    }
}
impl std::fmt::Display for IsFalse {
    fn fmt(&self, f: &mut std::fmt::Formatter) -> std::fmt::Result {
        f.write_str("isfalse")
    }
}
fn is_false<'a>(a: Datum<'a>) -> bool {
    a == Datum::False
}
