// Vitest Snapshot v1, https://vitest.dev/guide/snapshot.html

exports[`buildConnectorClustersQuery > produces the expected query 1`] = `
{
  "parameters": [
    "u%",
  ],
  "sql": "select "c"."id", "c"."name" from "mz_clusters" as "c" where "c"."id" like $1 and "c"."id" not in (select "cluster_id" from "mz_cluster_replicas" as "r" group by "cluster_id" having count("id") > 1) and ((SELECT mz_is_superuser() OR current_setting('enable_rbac_checks') = 'off') or has_cluster_privilege(current_user, "c"."name", 'CREATE'))",
}
`;
