// Vitest Snapshot v1, https://vitest.dev/guide/snapshot.html

exports[`buildSmallestReplicaQuery > produces the expected query 1`] = `
{
  "parameters": [
    "u1",
  ],
  "sql": "select "cr"."name", "crs"."memory_bytes" * "crs"."processes" as "memoryBytes" from "mz_cluster_replicas" as "cr" inner join "mz_cluster_replica_sizes" as "crs" on "cr"."size" = "crs"."size" where "cr"."cluster_id" = $1 order by "crs"."memory_bytes" limit 1",
}
`;
